#
# There is insufficient memory for the Java Runtime Environment to continue.
# Native memory allocation (mmap) failed to map 295698432 bytes. Error detail: G1 virtual space
# Possible reasons:
#   The system is out of physical RAM or swap space
#   This process is running with CompressedOops enabled, and the Java Heap may be blocking the growth of the native heap
# Possible solutions:
#   Reduce memory load on the system
#   Increase physical memory or swap space
#   Check if swap backing store is full
#   Decrease Java heap size (-Xmx/-Xms)
#   Decrease number of Java threads
#   Decrease Java thread stack sizes (-Xss)
#   Set larger code cache with -XX:ReservedCodeCacheSize=
#   JVM is running with Unscaled Compressed Oops mode in which the Java heap is
#     placed in the first 4GB address space. The Java Heap base address is the
#     maximum limit for the native heap growth. Please use -XX:HeapBaseMinAddress
#     to set the Java Heap base and to place the Java Heap above 4GB virtual address.
# This output file may be truncated or incomplete.
#
#  Out of Memory Error (os_windows.cpp:3714), pid=4616, tid=33816
#
# JRE version: OpenJDK Runtime Environment Temurin-21.0.10+7 (21.0.10+7) (build 21.0.10+7-LTS)
# Java VM: OpenJDK 64-Bit Server VM Temurin-21.0.10+7 (21.0.10+7-LTS, mixed mode, sharing, tiered, compressed oops, compressed class ptrs, g1 gc, windows-amd64)
# No core dump will be written. Minidumps are not enabled by default on client versions of Windows
#

---------------  S U M M A R Y ------------

Command Line: -agentlib:jdwp=transport=dt_socket,server=n,suspend=y,address=localhost:61177 -XX:+ShowCodeDetailsInExceptionMessages -Dspring.jmx.enabled=true -Dmanagement.endpoints.jmx.exposure.include=* -Dspring.application.admin.enabled=true -Dspring.boot.project.name=pb -Djava.rmi.server.hostname=localhost -Dcom.sun.management.jmxremote.port=10000 -Dcom.sun.management.jmxremote.authenticate=false -Dcom.sun.management.jmxremote.ssl=false com.puenteblanco.pb.PbApplication

Host: AMD Ryzen 5 8645HS w/ Radeon 760M Graphics, 12 cores, 7G,  Windows 11 , 64 bit Build 26100 (10.0.26100.8521)
Time: Fri Jun 19 17:14:44 2026 Hora est. Pacífico, Sudamérica elapsed time: 15.921356 seconds (0d 0h 0m 15s)

---------------  T H R E A D  ---------------

Current thread (0x000001d07af0f220):  VMThread "VM Thread"          [id=33816, stack(0x0000002703d00000,0x0000002703e00000) (1024K)]

Stack: [0x0000002703d00000,0x0000002703e00000]
Native frames: (J=compiled Java code, j=interpreted, Vv=VM code, C=native code)
V  [jvm.dll+0x6d7a39]
V  [jvm.dll+0x8b4b26]
V  [jvm.dll+0x8b70de]
V  [jvm.dll+0x8b77c3]
V  [jvm.dll+0x284346]
V  [jvm.dll+0x6d4355]
V  [jvm.dll+0x6c808a]
V  [jvm.dll+0x35edb8]
V  [jvm.dll+0x3669f6]
V  [jvm.dll+0x3b7afe]
V  [jvm.dll+0x3b7da8]
V  [jvm.dll+0x332fbc]
V  [jvm.dll+0x333047]
V  [jvm.dll+0x376e1c]
V  [jvm.dll+0x3755be]
V  [jvm.dll+0x332701]
V  [jvm.dll+0x374c2a]
V  [jvm.dll+0x8bd4b0]
V  [jvm.dll+0x8be824]
V  [jvm.dll+0x8bed50]
V  [jvm.dll+0x8beff3]
V  [jvm.dll+0x85f59d]
V  [jvm.dll+0x6d626d]
C  [ucrtbase.dll+0x2cd30]
C  [KERNEL32.DLL+0x2e957]
C  [ntdll.dll+0x87c1c]

VM_Operation (0x0000002705cf8240): G1CollectForAllocation, mode: safepoint, requested by thread 0x000001d07fa7e070


---------------  P R O C E S S  ---------------

Threads class SMR info:
_java_thread_list=0x000001d041bf5650, length=32, elements={
0x000001d062e73360, 0x000001d07af2d8c0, 0x000001d07af31050, 0x000001d07af38df0,
0x000001d07af39c00, 0x000001d07af440b0, 0x000001d07af475a0, 0x000001d07af4b990,
0x000001d07af4c430, 0x000001d07f2b0d90, 0x000001d07f2b1410, 0x000001d07f1d9ea0,
0x000001d07f306dc0, 0x000001d07f280570, 0x000001d07fba62f0, 0x000001d07fb50b60,
0x000001d07fb551f0, 0x000001d07fc7c340, 0x000001d07fc7c9b0, 0x000001d07fc44320,
0x000001d07fe821e0, 0x000001d07fa7d350, 0x000001d07fa7e070, 0x000001d07fa7c630,
0x000001d07fa7ccc0, 0x000001d0451b9320, 0x000001d0476e1830, 0x000001d0476e25d0,
0x000001d0451b8600, 0x000001d0451b78e0, 0x000001d0451b5ea0, 0x000001d0451b6530
}

Java Threads: ( => current thread )
  0x000001d062e73360 JavaThread "main"                              [_thread_blocked, id=25140, stack(0x0000002703600000,0x0000002703700000) (1024K)]
  0x000001d07af2d8c0 JavaThread "Reference Handler"          daemon [_thread_blocked, id=21840, stack(0x0000002703e00000,0x0000002703f00000) (1024K)]
  0x000001d07af31050 JavaThread "Finalizer"                  daemon [_thread_blocked, id=34568, stack(0x0000002703f00000,0x0000002704000000) (1024K)]
  0x000001d07af38df0 JavaThread "Signal Dispatcher"          daemon [_thread_blocked, id=5328, stack(0x0000002704000000,0x0000002704100000) (1024K)]
  0x000001d07af39c00 JavaThread "Attach Listener"            daemon [_thread_blocked, id=22288, stack(0x0000002704100000,0x0000002704200000) (1024K)]
  0x000001d07af440b0 JavaThread "Service Thread"             daemon [_thread_blocked, id=26596, stack(0x0000002704200000,0x0000002704300000) (1024K)]
  0x000001d07af475a0 JavaThread "Monitor Deflation Thread"   daemon [_thread_blocked, id=31360, stack(0x0000002704300000,0x0000002704400000) (1024K)]
  0x000001d07af4b990 JavaThread "C2 CompilerThread0"         daemon [_thread_blocked, id=31692, stack(0x0000002704400000,0x0000002704500000) (1024K)]
  0x000001d07af4c430 JavaThread "C1 CompilerThread0"         daemon [_thread_blocked, id=33100, stack(0x0000002704500000,0x0000002704600000) (1024K)]
  0x000001d07f2b0d90 JavaThread "JDWP Transport Listener: dt_socket" daemon [_thread_blocked, id=24228, stack(0x0000002704600000,0x0000002704700000) (1024K)]
  0x000001d07f2b1410 JavaThread "JDWP Event Helper Thread"   daemon [_thread_blocked, id=31412, stack(0x0000002704700000,0x0000002704800000) (1024K)]
  0x000001d07f1d9ea0 JavaThread "JDWP Command Reader"        daemon [_thread_blocked, id=28292, stack(0x0000002704800000,0x0000002704900000) (1024K)]
  0x000001d07f306dc0 JavaThread "Notification Thread"        daemon [_thread_blocked, id=24460, stack(0x0000002704900000,0x0000002704a00000) (1024K)]
  0x000001d07f280570 JavaThread "Common-Cleaner"             daemon [_thread_blocked, id=33560, stack(0x0000002704a00000,0x0000002704b00000) (1024K)]
  0x000001d07fba62f0 JavaThread "RMI TCP Accept-0"           daemon [_thread_in_native, id=28336, stack(0x0000002704b00000,0x0000002704c00000) (1024K)]
  0x000001d07fb50b60 JavaThread "RMI TCP Accept-10000"       daemon [_thread_in_native, id=23320, stack(0x0000002704c00000,0x0000002704d00000) (1024K)]
  0x000001d07fb551f0 JavaThread "RMI TCP Connection(1)-127.0.0.1" daemon [_thread_in_native, id=11428, stack(0x0000002704d00000,0x0000002704e00000) (1024K)]
  0x000001d07fc7c340 JavaThread "RMI Scheduler(0)"           daemon [_thread_blocked, id=26752, stack(0x0000002704e00000,0x0000002704f00000) (1024K)]
  0x000001d07fc7c9b0 JavaThread "RMI TCP Accept-0"           daemon [_thread_in_native, id=27512, stack(0x0000002704f00000,0x0000002705000000) (1024K)]
  0x000001d07fc44320 JavaThread "RMI TCP Connection(2)-127.0.0.1" daemon [_thread_blocked, id=4652, stack(0x0000002705000000,0x0000002705100000) (1024K)]
  0x000001d07fe821e0 JavaThread "JMX server connection timeout 31" daemon [_thread_blocked, id=30220, stack(0x0000002705100000,0x0000002705200000) (1024K)]
  0x000001d07fa7d350 JavaThread "Thread-0"                          [_thread_blocked, id=22428, stack(0x0000002705b00000,0x0000002705c00000) (1024K)]
  0x000001d07fa7e070 JavaThread "restartedMain"                     [_thread_blocked, id=4052, stack(0x0000002705c00000,0x0000002705d00000) (1024K)]
  0x000001d07fa7c630 JavaThread "mysql-cj-abandoned-connection-cleanup" daemon [_thread_blocked, id=23928, stack(0x0000002706100000,0x0000002706200000) (1024K)]
  0x000001d07fa7ccc0 JavaThread "HikariPool-1:housekeeper"   daemon [_thread_blocked, id=29472, stack(0x0000002706300000,0x0000002706400000) (1024K)]
  0x000001d0451b9320 JavaThread "HikariPool-1:connection-adder" daemon [_thread_blocked, id=34320, stack(0x0000002706400000,0x0000002706500000) (1024K)]
  0x000001d0476e1830 JavaThread "C2 CompilerThread1"         daemon [_thread_blocked, id=29248, stack(0x0000002705d00000,0x0000002705e00000) (1024K)]
  0x000001d0476e25d0 JavaThread "C2 CompilerThread2"         daemon [_thread_blocked, id=33964, stack(0x0000002706000000,0x0000002706100000) (1024K)]
  0x000001d0451b8600 JavaThread "Catalina-utility-1"                [_thread_blocked, id=29680, stack(0x0000002706500000,0x0000002706600000) (1024K)]
  0x000001d0451b78e0 JavaThread "Catalina-utility-2"                [_thread_blocked, id=31740, stack(0x0000002706600000,0x0000002706700000) (1024K)]
  0x000001d0451b5ea0 JavaThread "container-0"                       [_thread_blocked, id=19392, stack(0x0000002706700000,0x0000002706800000) (1024K)]
  0x000001d0451b6530 JavaThread "RMI TCP Connection(3)-127.0.0.1" daemon [_thread_blocked, id=13732, stack(0x0000002706800000,0x0000002706900000) (1024K)]
Total: 32

Other Threads:
=>0x000001d07af0f220 VMThread "VM Thread"                           [id=33816, stack(0x0000002703d00000,0x0000002703e00000) (1024K)]
  0x000001d07aefdb40 WatcherThread "VM Periodic Task Thread"        [id=25196, stack(0x0000002703c00000,0x0000002703d00000) (1024K)]
  0x000001d062ed0580 WorkerThread "GC Thread#0"                     [id=31472, stack(0x0000002703700000,0x0000002703800000) (1024K)]
  0x000001d07fe8c610 WorkerThread "GC Thread#1"                     [id=28860, stack(0x0000002705200000,0x0000002705300000) (1024K)]
  0x000001d07fd41fb0 WorkerThread "GC Thread#2"                     [id=34684, stack(0x0000002705300000,0x0000002705400000) (1024K)]
  0x000001d07fd168b0 WorkerThread "GC Thread#3"                     [id=25724, stack(0x0000002705400000,0x0000002705500000) (1024K)]
  0x000001d07fd16c60 WorkerThread "GC Thread#4"                     [id=1896, stack(0x0000002705500000,0x0000002705600000) (1024K)]
  0x000001d07fd1b020 WorkerThread "GC Thread#5"                     [id=28380, stack(0x0000002705600000,0x0000002705700000) (1024K)]
  0x000001d07fd233e0 WorkerThread "GC Thread#6"                     [id=33604, stack(0x0000002705700000,0x0000002705800000) (1024K)]
  0x000001d07fd23790 WorkerThread "GC Thread#7"                     [id=25976, stack(0x0000002705800000,0x0000002705900000) (1024K)]
  0x000001d07fd27b50 WorkerThread "GC Thread#8"                     [id=10576, stack(0x0000002705900000,0x0000002705a00000) (1024K)]
  0x000001d07fd27f00 WorkerThread "GC Thread#9"                     [id=34160, stack(0x0000002705a00000,0x0000002705b00000) (1024K)]
  0x000001d062ee2c20 ConcurrentGCThread "G1 Main Marker"            [id=30784, stack(0x0000002703800000,0x0000002703900000) (1024K)]
  0x000001d062ee3630 WorkerThread "G1 Conc#0"                       [id=29684, stack(0x0000002703900000,0x0000002703a00000) (1024K)]
  0x000001d043af0820 WorkerThread "G1 Conc#1"                       [id=29780, stack(0x0000002705e00000,0x0000002705f00000) (1024K)]
  0x000001d042e14ff0 WorkerThread "G1 Conc#2"                       [id=29464, stack(0x0000002705f00000,0x0000002706000000) (1024K)]
  0x000001d07add2000 ConcurrentGCThread "G1 Refine#0"               [id=10736, stack(0x0000002703a00000,0x0000002703b00000) (1024K)]
  0x000001d062e6e9e0 ConcurrentGCThread "G1 Service"                [id=24764, stack(0x0000002703b00000,0x0000002703c00000) (1024K)]
Total: 18

Threads with active compile tasks:
C2 CompilerThread0  15950 8522       4       org.springframework.core.ResolvableType::hasGenerics (14 bytes)
C2 CompilerThread1  15950 8670       4       java.util.regex.Pattern$BmpCharProperty::match (55 bytes)
C2 CompilerThread2  15951 8803       4       org.springframework.util.Assert::state (14 bytes)
Total: 3

VM state: at safepoint (normal execution)

VM Mutex/Monitor currently owned by a thread:  ([mutex/lock_event])
[0x00007ffa991ae560] Threads_lock - owner thread: 0x000001d07af0f220
[0x00007ffa991ae660] Heap_lock - owner thread: 0x000001d07fa7e070

Heap address: 0x000000008bc00000, size: 1860 MB, Compressed Oops mode: 32-bit

CDS archive(s) mapped at: [0x000001d000000000-0x000001d000ba0000-0x000001d000ba0000), size 12189696, SharedBaseAddress: 0x000001d000000000, ArchiveRelocationMode: 1.
Compressed class space mapped at: 0x000001d001000000-0x000001d041000000, reserved size: 1073741824
Narrow klass base: 0x000001d000000000, Narrow klass shift: 0, Narrow klass range: 0x100000000

GC Precious Log:
 CardTable entry size: 512
 Card Set container configuration: InlinePtr #cards 5 size 8 Array Of Cards #cards 12 size 40 Howl #buckets 4 coarsen threshold 1843 Howl Bitmap #cards 512 size 80 coarsen threshold 460 Card regions per heap region 1 cards per card region 2048
 CPUs: 12 total, 12 available
 Memory: 7439M
 Large Page Support: Disabled
 NUMA Support: Disabled
 Compressed Oops: Enabled (32-bit)
 Heap Region Size: 1M
 Heap Min Capacity: 8M
 Heap Initial Capacity: 118M
 Heap Max Capacity: 1860M
 Pre-touch: Disabled
 Parallel Workers: 10
 Concurrent Workers: 3
 Concurrent Refinement Workers: 10
 Periodic GC: Disabled

Heap:
 garbage-first heap   total 245760K, used 54739K [0x000000008bc00000, 0x0000000100000000)
  region size 1024K, 1 young (1024K), 1 survivors (1024K)
 Metaspace       used 79571K, committed 80320K, reserved 1179648K
  class space    used 11109K, committed 11456K, reserved 1048576K

Heap Regions: E=young(eden), S=young(survivor), O=old, HS=humongous(starts), HC=humongous(continues), CS=collection set, F=free, TAMS=top-at-mark-start, PB=parsable bottom
|   0|0x000000008bc00000, 0x000000008bd00000, 0x000000008bd00000|100%|HS|  |TAMS 0x000000008bc00000| PB 0x000000008bc00000| Complete 
|   1|0x000000008bd00000, 0x000000008be00000, 0x000000008be00000|100%|HS|  |TAMS 0x000000008bd00000| PB 0x000000008bd00000| Complete 
|   2|0x000000008be00000, 0x000000008bf00000, 0x000000008bf00000|100%|HS|  |TAMS 0x000000008be00000| PB 0x000000008be00000| Complete 
|   3|0x000000008bf00000, 0x000000008c000000, 0x000000008c000000|100%| O|  |TAMS 0x000000008bf00000| PB 0x000000008bf00000| Untracked 
|   4|0x000000008c000000, 0x000000008c100000, 0x000000008c100000|100%| O|  |TAMS 0x000000008c000000| PB 0x000000008c000000| Untracked 
|   5|0x000000008c100000, 0x000000008c200000, 0x000000008c200000|100%| O|  |TAMS 0x000000008c100000| PB 0x000000008c100000| Untracked 
|   6|0x000000008c200000, 0x000000008c300000, 0x000000008c300000|100%| O|  |TAMS 0x000000008c200000| PB 0x000000008c200000| Untracked 
|   7|0x000000008c300000, 0x000000008c400000, 0x000000008c400000|100%| O|  |TAMS 0x000000008c300000| PB 0x000000008c300000| Untracked 
|   8|0x000000008c400000, 0x000000008c500000, 0x000000008c500000|100%| O|  |TAMS 0x000000008c400000| PB 0x000000008c400000| Untracked 
|   9|0x000000008c500000, 0x000000008c600000, 0x000000008c600000|100%| O|  |TAMS 0x000000008c500000| PB 0x000000008c500000| Untracked 
|  10|0x000000008c600000, 0x000000008c700000, 0x000000008c700000|100%| O|  |TAMS 0x000000008c600000| PB 0x000000008c600000| Untracked 
|  11|0x000000008c700000, 0x000000008c800000, 0x000000008c800000|100%| O|  |TAMS 0x000000008c700000| PB 0x000000008c700000| Untracked 
|  12|0x000000008c800000, 0x000000008c900000, 0x000000008c900000|100%| O|  |TAMS 0x000000008c800000| PB 0x000000008c800000| Untracked 
|  13|0x000000008c900000, 0x000000008ca00000, 0x000000008ca00000|100%| O|  |TAMS 0x000000008c900000| PB 0x000000008c900000| Untracked 
|  14|0x000000008ca00000, 0x000000008cb00000, 0x000000008cb00000|100%| O|  |TAMS 0x000000008ca00000| PB 0x000000008ca00000| Untracked 
|  15|0x000000008cb00000, 0x000000008cc00000, 0x000000008cc00000|100%| O|  |TAMS 0x000000008cb00000| PB 0x000000008cb00000| Untracked 
|  16|0x000000008cc00000, 0x000000008cd00000, 0x000000008cd00000|100%| O|  |TAMS 0x000000008cc00000| PB 0x000000008cc00000| Untracked 
|  17|0x000000008cd00000, 0x000000008ce00000, 0x000000008ce00000|100%| O|  |TAMS 0x000000008cd00000| PB 0x000000008cd00000| Untracked 
|  18|0x000000008ce00000, 0x000000008cf00000, 0x000000008cf00000|100%| O|  |TAMS 0x000000008ce00000| PB 0x000000008ce00000| Untracked 
|  19|0x000000008cf00000, 0x000000008d000000, 0x000000008d000000|100%| O|  |TAMS 0x000000008cf00000| PB 0x000000008cf00000| Untracked 
|  20|0x000000008d000000, 0x000000008d100000, 0x000000008d100000|100%| O|  |TAMS 0x000000008d000000| PB 0x000000008d000000| Untracked 
|  21|0x000000008d100000, 0x000000008d200000, 0x000000008d200000|100%| O|  |TAMS 0x000000008d100000| PB 0x000000008d100000| Untracked 
|  22|0x000000008d200000, 0x000000008d300000, 0x000000008d300000|100%| O|  |TAMS 0x000000008d200000| PB 0x000000008d200000| Untracked 
|  23|0x000000008d300000, 0x000000008d400000, 0x000000008d400000|100%| O|  |TAMS 0x000000008d300000| PB 0x000000008d300000| Untracked 
|  24|0x000000008d400000, 0x000000008d500000, 0x000000008d500000|100%| O|  |TAMS 0x000000008d400000| PB 0x000000008d400000| Untracked 
|  25|0x000000008d500000, 0x000000008d600000, 0x000000008d600000|100%| O|  |TAMS 0x000000008d500000| PB 0x000000008d500000| Untracked 
|  26|0x000000008d600000, 0x000000008d700000, 0x000000008d700000|100%| O|  |TAMS 0x000000008d600000| PB 0x000000008d600000| Untracked 
|  27|0x000000008d700000, 0x000000008d800000, 0x000000008d800000|100%| O|  |TAMS 0x000000008d700000| PB 0x000000008d700000| Untracked 
|  28|0x000000008d800000, 0x000000008d900000, 0x000000008d900000|100%| O|  |TAMS 0x000000008d800000| PB 0x000000008d800000| Untracked 
|  29|0x000000008d900000, 0x000000008da00000, 0x000000008da00000|100%| O|  |TAMS 0x000000008d900000| PB 0x000000008d900000| Untracked 
|  30|0x000000008da00000, 0x000000008db00000, 0x000000008db00000|100%| O|  |TAMS 0x000000008da00000| PB 0x000000008da00000| Untracked 
|  31|0x000000008db00000, 0x000000008dc00000, 0x000000008dc00000|100%| O|  |TAMS 0x000000008db00000| PB 0x000000008db00000| Untracked 
|  32|0x000000008dc00000, 0x000000008dd00000, 0x000000008dd00000|100%| O|  |TAMS 0x000000008dc00000| PB 0x000000008dc00000| Untracked 
|  33|0x000000008dd00000, 0x000000008de00000, 0x000000008de00000|100%| O|  |TAMS 0x000000008dd00000| PB 0x000000008dd00000| Untracked 
|  34|0x000000008de00000, 0x000000008df00000, 0x000000008df00000|100%| O|  |TAMS 0x000000008de00000| PB 0x000000008de00000| Untracked 
|  35|0x000000008df00000, 0x000000008e000000, 0x000000008e000000|100%| O|  |TAMS 0x000000008df00000| PB 0x000000008df00000| Untracked 
|  36|0x000000008e000000, 0x000000008e100000, 0x000000008e100000|100%| O|  |TAMS 0x000000008e000000| PB 0x000000008e000000| Untracked 
|  37|0x000000008e100000, 0x000000008e200000, 0x000000008e200000|100%| O|  |TAMS 0x000000008e100000| PB 0x000000008e100000| Untracked 
|  38|0x000000008e200000, 0x000000008e300000, 0x000000008e300000|100%| O|  |TAMS 0x000000008e200000| PB 0x000000008e200000| Untracked 
|  39|0x000000008e300000, 0x000000008e400000, 0x000000008e400000|100%| O|  |TAMS 0x000000008e300000| PB 0x000000008e300000| Untracked 
|  40|0x000000008e400000, 0x000000008e500000, 0x000000008e500000|100%| O|  |TAMS 0x000000008e400000| PB 0x000000008e400000| Untracked 
|  41|0x000000008e500000, 0x000000008e600000, 0x000000008e600000|100%| O|  |TAMS 0x000000008e500000| PB 0x000000008e500000| Untracked 
|  42|0x000000008e600000, 0x000000008e700000, 0x000000008e700000|100%| O|Cm|TAMS 0x000000008e600000| PB 0x000000008e600000| Complete 
|  43|0x000000008e700000, 0x000000008e800000, 0x000000008e800000|100%| O|  |TAMS 0x000000008e700000| PB 0x000000008e700000| Untracked 
|  44|0x000000008e800000, 0x000000008e900000, 0x000000008e900000|100%| O|  |TAMS 0x000000008e800000| PB 0x000000008e800000| Untracked 
|  45|0x000000008e900000, 0x000000008ea00000, 0x000000008ea00000|100%| O|  |TAMS 0x000000008e900000| PB 0x000000008e900000| Untracked 
|  46|0x000000008ea00000, 0x000000008eb00000, 0x000000008eb00000|100%| O|  |TAMS 0x000000008ea00000| PB 0x000000008ea00000| Untracked 
|  47|0x000000008eb00000, 0x000000008ec00000, 0x000000008ec00000|100%| O|  |TAMS 0x000000008eb00000| PB 0x000000008eb00000| Untracked 
|  48|0x000000008ec00000, 0x000000008eca4250, 0x000000008ed00000| 64%| O|  |TAMS 0x000000008ec00000| PB 0x000000008ec00000| Untracked 
|  49|0x000000008ed00000, 0x000000008edd0c80, 0x000000008ee00000| 81%| O|  |TAMS 0x000000008ed00000| PB 0x000000008ed00000| Untracked 
|  50|0x000000008ee00000, 0x000000008ee00000, 0x000000008ef00000|  0%| F|  |TAMS 0x000000008ee00000| PB 0x000000008ee00000| Untracked 
|  51|0x000000008ef00000, 0x000000008ef00000, 0x000000008f000000|  0%| F|  |TAMS 0x000000008ef00000| PB 0x000000008ef00000| Untracked 
|  52|0x000000008f000000, 0x000000008f000000, 0x000000008f100000|  0%| F|  |TAMS 0x000000008f000000| PB 0x000000008f000000| Untracked 
|  53|0x000000008f100000, 0x000000008f100000, 0x000000008f200000|  0%| F|  |TAMS 0x000000008f100000| PB 0x000000008f100000| Untracked 
|  54|0x000000008f200000, 0x000000008f200000, 0x000000008f300000|  0%| F|  |TAMS 0x000000008f200000| PB 0x000000008f200000| Untracked 
|  55|0x000000008f300000, 0x000000008f300000, 0x000000008f400000|  0%| F|  |TAMS 0x000000008f300000| PB 0x000000008f300000| Untracked 
|  56|0x000000008f400000, 0x000000008f400000, 0x000000008f500000|  0%| F|  |TAMS 0x000000008f400000| PB 0x000000008f400000| Untracked 
|  57|0x000000008f500000, 0x000000008f500000, 0x000000008f600000|  0%| F|  |TAMS 0x000000008f500000| PB 0x000000008f500000| Untracked 
|  58|0x000000008f600000, 0x000000008f600000, 0x000000008f700000|  0%| F|  |TAMS 0x000000008f600000| PB 0x000000008f600000| Untracked 
|  59|0x000000008f700000, 0x000000008f700000, 0x000000008f800000|  0%| F|  |TAMS 0x000000008f700000| PB 0x000000008f700000| Untracked 
|  60|0x000000008f800000, 0x000000008f900000, 0x000000008f900000|100%| O|  |TAMS 0x000000008f800000| PB 0x000000008f800000| Untracked 
|  61|0x000000008f900000, 0x000000008f900000, 0x000000008fa00000|  0%| F|  |TAMS 0x000000008f900000| PB 0x000000008f900000| Untracked 
|  62|0x000000008fa00000, 0x000000008fa00000, 0x000000008fb00000|  0%| F|  |TAMS 0x000000008fa00000| PB 0x000000008fa00000| Untracked 
|  63|0x000000008fb00000, 0x000000008fb00000, 0x000000008fc00000|  0%| F|  |TAMS 0x000000008fb00000| PB 0x000000008fb00000| Untracked 
|  64|0x000000008fc00000, 0x000000008fc00000, 0x000000008fd00000|  0%| F|  |TAMS 0x000000008fc00000| PB 0x000000008fc00000| Untracked 
|  65|0x000000008fd00000, 0x000000008fd00000, 0x000000008fe00000|  0%| F|  |TAMS 0x000000008fd00000| PB 0x000000008fd00000| Untracked 
|  66|0x000000008fe00000, 0x000000008fe00000, 0x000000008ff00000|  0%| F|  |TAMS 0x000000008fe00000| PB 0x000000008fe00000| Untracked 
|  67|0x000000008ff00000, 0x000000008ff00000, 0x0000000090000000|  0%| F|  |TAMS 0x000000008ff00000| PB 0x000000008ff00000| Untracked 
|  68|0x0000000090000000, 0x0000000090100000, 0x0000000090100000|100%| O|  |TAMS 0x0000000090000000| PB 0x0000000090000000| Untracked 
|  69|0x0000000090100000, 0x0000000090100000, 0x0000000090200000|  0%| F|  |TAMS 0x0000000090100000| PB 0x0000000090100000| Untracked 
|  70|0x0000000090200000, 0x0000000090200000, 0x0000000090300000|  0%| F|  |TAMS 0x0000000090200000| PB 0x0000000090200000| Untracked 
|  71|0x0000000090300000, 0x0000000090300000, 0x0000000090400000|  0%| F|  |TAMS 0x0000000090300000| PB 0x0000000090300000| Untracked 
|  72|0x0000000090400000, 0x0000000090400000, 0x0000000090500000|  0%| F|  |TAMS 0x0000000090400000| PB 0x0000000090400000| Untracked 
|  73|0x0000000090500000, 0x0000000090500000, 0x0000000090600000|  0%| F|  |TAMS 0x0000000090500000| PB 0x0000000090500000| Untracked 
|  74|0x0000000090600000, 0x0000000090600000, 0x0000000090700000|  0%| F|  |TAMS 0x0000000090600000| PB 0x0000000090600000| Untracked 
|  75|0x0000000090700000, 0x0000000090700000, 0x0000000090800000|  0%| F|  |TAMS 0x0000000090700000| PB 0x0000000090700000| Untracked 
|  76|0x0000000090800000, 0x0000000090800000, 0x0000000090900000|  0%| F|  |TAMS 0x0000000090800000| PB 0x0000000090800000| Untracked 
|  77|0x0000000090900000, 0x0000000090900000, 0x0000000090a00000|  0%| F|  |TAMS 0x0000000090900000| PB 0x0000000090900000| Untracked 
|  78|0x0000000090a00000, 0x0000000090a00000, 0x0000000090b00000|  0%| F|  |TAMS 0x0000000090a00000| PB 0x0000000090a00000| Untracked 
|  79|0x0000000090b00000, 0x0000000090b00000, 0x0000000090c00000|  0%| F|  |TAMS 0x0000000090b00000| PB 0x0000000090b00000| Untracked 
|  80|0x0000000090c00000, 0x0000000090c00000, 0x0000000090d00000|  0%| F|  |TAMS 0x0000000090c00000| PB 0x0000000090c00000| Untracked 
|  81|0x0000000090d00000, 0x0000000090d00000, 0x0000000090e00000|  0%| F|  |TAMS 0x0000000090d00000| PB 0x0000000090d00000| Untracked 
|  82|0x0000000090e00000, 0x0000000090e00000, 0x0000000090f00000|  0%| F|  |TAMS 0x0000000090e00000| PB 0x0000000090e00000| Untracked 
|  83|0x0000000090f00000, 0x0000000090f00000, 0x0000000091000000|  0%| F|  |TAMS 0x0000000090f00000| PB 0x0000000090f00000| Untracked 
|  84|0x0000000091000000, 0x0000000091000000, 0x0000000091100000|  0%| F|  |TAMS 0x0000000091000000| PB 0x0000000091000000| Untracked 
|  85|0x0000000091100000, 0x0000000091100000, 0x0000000091200000|  0%| F|  |TAMS 0x0000000091100000| PB 0x0000000091100000| Untracked 
|  86|0x0000000091200000, 0x0000000091200000, 0x0000000091300000|  0%| F|  |TAMS 0x0000000091200000| PB 0x0000000091200000| Untracked 
|  87|0x0000000091300000, 0x0000000091300000, 0x0000000091400000|  0%| F|  |TAMS 0x0000000091300000| PB 0x0000000091300000| Untracked 
|  88|0x0000000091400000, 0x0000000091400000, 0x0000000091500000|  0%| F|  |TAMS 0x0000000091400000| PB 0x0000000091400000| Untracked 
|  89|0x0000000091500000, 0x0000000091500000, 0x0000000091600000|  0%| F|  |TAMS 0x0000000091500000| PB 0x0000000091500000| Untracked 
|  90|0x0000000091600000, 0x0000000091600000, 0x0000000091700000|  0%| F|  |TAMS 0x0000000091600000| PB 0x0000000091600000| Untracked 
|  91|0x0000000091700000, 0x0000000091700000, 0x0000000091800000|  0%| F|  |TAMS 0x0000000091700000| PB 0x0000000091700000| Untracked 
|  92|0x0000000091800000, 0x0000000091800000, 0x0000000091900000|  0%| F|  |TAMS 0x0000000091800000| PB 0x0000000091800000| Untracked 
|  93|0x0000000091900000, 0x0000000091900000, 0x0000000091a00000|  0%| F|  |TAMS 0x0000000091900000| PB 0x0000000091900000| Untracked 
|  94|0x0000000091a00000, 0x0000000091a00000, 0x0000000091b00000|  0%| F|  |TAMS 0x0000000091a00000| PB 0x0000000091a00000| Untracked 
|  95|0x0000000091b00000, 0x0000000091b00000, 0x0000000091c00000|  0%| F|  |TAMS 0x0000000091b00000| PB 0x0000000091b00000| Untracked 
|  96|0x0000000091c00000, 0x0000000091c00000, 0x0000000091d00000|  0%| F|  |TAMS 0x0000000091c00000| PB 0x0000000091c00000| Untracked 
|  97|0x0000000091d00000, 0x0000000091d00000, 0x0000000091e00000|  0%| F|  |TAMS 0x0000000091d00000| PB 0x0000000091d00000| Untracked 
|  98|0x0000000091e00000, 0x0000000091e00000, 0x0000000091f00000|  0%| F|  |TAMS 0x0000000091e00000| PB 0x0000000091e00000| Untracked 
|  99|0x0000000091f00000, 0x0000000091f00000, 0x0000000092000000|  0%| F|  |TAMS 0x0000000091f00000| PB 0x0000000091f00000| Untracked 
| 100|0x0000000092000000, 0x0000000092000000, 0x0000000092100000|  0%| F|  |TAMS 0x0000000092000000| PB 0x0000000092000000| Untracked 
| 101|0x0000000092100000, 0x0000000092100000, 0x0000000092200000|  0%| F|  |TAMS 0x0000000092100000| PB 0x0000000092100000| Untracked 
| 102|0x0000000092200000, 0x0000000092200000, 0x0000000092300000|  0%| F|  |TAMS 0x0000000092200000| PB 0x0000000092200000| Untracked 
| 103|0x0000000092300000, 0x0000000092300000, 0x0000000092400000|  0%| F|  |TAMS 0x0000000092300000| PB 0x0000000092300000| Untracked 
| 104|0x0000000092400000, 0x0000000092400000, 0x0000000092500000|  0%| F|  |TAMS 0x0000000092400000| PB 0x0000000092400000| Untracked 
| 105|0x0000000092500000, 0x0000000092500000, 0x0000000092600000|  0%| F|  |TAMS 0x0000000092500000| PB 0x0000000092500000| Untracked 
| 106|0x0000000092600000, 0x0000000092600000, 0x0000000092700000|  0%| F|  |TAMS 0x0000000092600000| PB 0x0000000092600000| Untracked 
| 107|0x0000000092700000, 0x0000000092700000, 0x0000000092800000|  0%| F|  |TAMS 0x0000000092700000| PB 0x0000000092700000| Untracked 
| 108|0x0000000092800000, 0x0000000092800000, 0x0000000092900000|  0%| F|  |TAMS 0x0000000092800000| PB 0x0000000092800000| Untracked 
| 109|0x0000000092900000, 0x0000000092900000, 0x0000000092a00000|  0%| F|  |TAMS 0x0000000092900000| PB 0x0000000092900000| Untracked 
| 110|0x0000000092a00000, 0x0000000092a00000, 0x0000000092b00000|  0%| F|  |TAMS 0x0000000092a00000| PB 0x0000000092a00000| Untracked 
| 111|0x0000000092b00000, 0x0000000092b00000, 0x0000000092c00000|  0%| F|  |TAMS 0x0000000092b00000| PB 0x0000000092b00000| Untracked 
| 112|0x0000000092c00000, 0x0000000092c00000, 0x0000000092d00000|  0%| F|  |TAMS 0x0000000092c00000| PB 0x0000000092c00000| Untracked 
| 113|0x0000000092d00000, 0x0000000092d00000, 0x0000000092e00000|  0%| F|  |TAMS 0x0000000092d00000| PB 0x0000000092d00000| Untracked 
| 114|0x0000000092e00000, 0x0000000092e00000, 0x0000000092f00000|  0%| F|  |TAMS 0x0000000092e00000| PB 0x0000000092e00000| Untracked 
| 115|0x0000000092f00000, 0x0000000092f00000, 0x0000000093000000|  0%| F|  |TAMS 0x0000000092f00000| PB 0x0000000092f00000| Untracked 
| 116|0x0000000093000000, 0x0000000093000000, 0x0000000093100000|  0%| F|  |TAMS 0x0000000093000000| PB 0x0000000093000000| Untracked 
| 117|0x0000000093100000, 0x0000000093100000, 0x0000000093200000|  0%| F|  |TAMS 0x0000000093100000| PB 0x0000000093100000| Untracked 
| 118|0x0000000093200000, 0x0000000093200000, 0x0000000093300000|  0%| F|  |TAMS 0x0000000093200000| PB 0x0000000093200000| Untracked 
| 119|0x0000000093300000, 0x0000000093300000, 0x0000000093400000|  0%| F|  |TAMS 0x0000000093300000| PB 0x0000000093300000| Untracked 
| 120|0x0000000093400000, 0x0000000093400000, 0x0000000093500000|  0%| F|  |TAMS 0x0000000093400000| PB 0x0000000093400000| Untracked 
| 121|0x0000000093500000, 0x0000000093500000, 0x0000000093600000|  0%| F|  |TAMS 0x0000000093500000| PB 0x0000000093500000| Untracked 
| 122|0x0000000093600000, 0x0000000093600000, 0x0000000093700000|  0%| F|  |TAMS 0x0000000093600000| PB 0x0000000093600000| Untracked 
| 123|0x0000000093700000, 0x0000000093700000, 0x0000000093800000|  0%| F|  |TAMS 0x0000000093700000| PB 0x0000000093700000| Untracked 
| 124|0x0000000093800000, 0x0000000093800000, 0x0000000093900000|  0%| F|  |TAMS 0x0000000093800000| PB 0x0000000093800000| Untracked 
| 125|0x0000000093900000, 0x0000000093900000, 0x0000000093a00000|  0%| F|  |TAMS 0x0000000093900000| PB 0x0000000093900000| Untracked 
| 126|0x0000000093a00000, 0x0000000093a00000, 0x0000000093b00000|  0%| F|  |TAMS 0x0000000093a00000| PB 0x0000000093a00000| Untracked 
| 127|0x0000000093b00000, 0x0000000093b00000, 0x0000000093c00000|  0%| F|  |TAMS 0x0000000093b00000| PB 0x0000000093b00000| Untracked 
| 128|0x0000000093c00000, 0x0000000093c00000, 0x0000000093d00000|  0%| F|  |TAMS 0x0000000093c00000| PB 0x0000000093c00000| Untracked 
| 129|0x0000000093d00000, 0x0000000093d00000, 0x0000000093e00000|  0%| F|  |TAMS 0x0000000093d00000| PB 0x0000000093d00000| Untracked 
| 130|0x0000000093e00000, 0x0000000093e00000, 0x0000000093f00000|  0%| F|  |TAMS 0x0000000093e00000| PB 0x0000000093e00000| Untracked 
| 131|0x0000000093f00000, 0x0000000093f00000, 0x0000000094000000|  0%| F|  |TAMS 0x0000000093f00000| PB 0x0000000093f00000| Untracked 
| 132|0x0000000094000000, 0x0000000094000000, 0x0000000094100000|  0%| F|  |TAMS 0x0000000094000000| PB 0x0000000094000000| Untracked 
| 133|0x0000000094100000, 0x0000000094100000, 0x0000000094200000|  0%| F|  |TAMS 0x0000000094100000| PB 0x0000000094100000| Untracked 
| 134|0x0000000094200000, 0x0000000094200000, 0x0000000094300000|  0%| F|  |TAMS 0x0000000094200000| PB 0x0000000094200000| Untracked 
| 135|0x0000000094300000, 0x0000000094300000, 0x0000000094400000|  0%| F|  |TAMS 0x0000000094300000| PB 0x0000000094300000| Untracked 
| 136|0x0000000094400000, 0x0000000094400000, 0x0000000094500000|  0%| F|  |TAMS 0x0000000094400000| PB 0x0000000094400000| Untracked 
| 137|0x0000000094500000, 0x0000000094500000, 0x0000000094600000|  0%| F|  |TAMS 0x0000000094500000| PB 0x0000000094500000| Untracked 
| 138|0x0000000094600000, 0x0000000094600000, 0x0000000094700000|  0%| F|  |TAMS 0x0000000094600000| PB 0x0000000094600000| Untracked 
| 139|0x0000000094700000, 0x0000000094700000, 0x0000000094800000|  0%| F|  |TAMS 0x0000000094700000| PB 0x0000000094700000| Untracked 
| 140|0x0000000094800000, 0x0000000094800000, 0x0000000094900000|  0%| F|  |TAMS 0x0000000094800000| PB 0x0000000094800000| Untracked 
| 141|0x0000000094900000, 0x0000000094900000, 0x0000000094a00000|  0%| F|  |TAMS 0x0000000094900000| PB 0x0000000094900000| Untracked 
| 142|0x0000000094a00000, 0x0000000094a00000, 0x0000000094b00000|  0%| F|  |TAMS 0x0000000094a00000| PB 0x0000000094a00000| Untracked 
| 143|0x0000000094b00000, 0x0000000094b00000, 0x0000000094c00000|  0%| F|  |TAMS 0x0000000094b00000| PB 0x0000000094b00000| Untracked 
| 144|0x0000000094c00000, 0x0000000094c00000, 0x0000000094d00000|  0%| F|  |TAMS 0x0000000094c00000| PB 0x0000000094c00000| Untracked 
| 145|0x0000000094d00000, 0x0000000094d00000, 0x0000000094e00000|  0%| F|  |TAMS 0x0000000094d00000| PB 0x0000000094d00000| Untracked 
| 146|0x0000000094e00000, 0x0000000094e00000, 0x0000000094f00000|  0%| F|  |TAMS 0x0000000094e00000| PB 0x0000000094e00000| Untracked 
| 147|0x0000000094f00000, 0x0000000094f00000, 0x0000000095000000|  0%| F|  |TAMS 0x0000000094f00000| PB 0x0000000094f00000| Untracked 
| 148|0x0000000095000000, 0x0000000095000000, 0x0000000095100000|  0%| F|  |TAMS 0x0000000095000000| PB 0x0000000095000000| Untracked 
| 149|0x0000000095100000, 0x0000000095100000, 0x0000000095200000|  0%| F|  |TAMS 0x0000000095100000| PB 0x0000000095100000| Untracked 
| 150|0x0000000095200000, 0x0000000095200000, 0x0000000095300000|  0%| F|  |TAMS 0x0000000095200000| PB 0x0000000095200000| Untracked 
| 151|0x0000000095300000, 0x0000000095300000, 0x0000000095400000|  0%| F|  |TAMS 0x0000000095300000| PB 0x0000000095300000| Untracked 
| 152|0x0000000095400000, 0x0000000095400000, 0x0000000095500000|  0%| F|  |TAMS 0x0000000095400000| PB 0x0000000095400000| Untracked 
| 153|0x0000000095500000, 0x0000000095500000, 0x0000000095600000|  0%| F|  |TAMS 0x0000000095500000| PB 0x0000000095500000| Untracked 
| 154|0x0000000095600000, 0x0000000095600000, 0x0000000095700000|  0%| F|  |TAMS 0x0000000095600000| PB 0x0000000095600000| Untracked 
| 155|0x0000000095700000, 0x0000000095700000, 0x0000000095800000|  0%| F|  |TAMS 0x0000000095700000| PB 0x0000000095700000| Untracked 
| 156|0x0000000095800000, 0x0000000095800000, 0x0000000095900000|  0%| F|  |TAMS 0x0000000095800000| PB 0x0000000095800000| Untracked 
| 157|0x0000000095900000, 0x0000000095900000, 0x0000000095a00000|  0%| F|  |TAMS 0x0000000095900000| PB 0x0000000095900000| Untracked 
| 158|0x0000000095a00000, 0x0000000095a00000, 0x0000000095b00000|  0%| F|  |TAMS 0x0000000095a00000| PB 0x0000000095a00000| Untracked 
| 159|0x0000000095b00000, 0x0000000095b00000, 0x0000000095c00000|  0%| F|  |TAMS 0x0000000095b00000| PB 0x0000000095b00000| Untracked 
| 160|0x0000000095c00000, 0x0000000095c00000, 0x0000000095d00000|  0%| F|  |TAMS 0x0000000095c00000| PB 0x0000000095c00000| Untracked 
| 161|0x0000000095d00000, 0x0000000095d00000, 0x0000000095e00000|  0%| F|  |TAMS 0x0000000095d00000| PB 0x0000000095d00000| Untracked 
| 162|0x0000000095e00000, 0x0000000095e00000, 0x0000000095f00000|  0%| F|  |TAMS 0x0000000095e00000| PB 0x0000000095e00000| Untracked 
| 163|0x0000000095f00000, 0x0000000095f00000, 0x0000000096000000|  0%| F|  |TAMS 0x0000000095f00000| PB 0x0000000095f00000| Untracked 
| 164|0x0000000096000000, 0x0000000096000000, 0x0000000096100000|  0%| F|  |TAMS 0x0000000096000000| PB 0x0000000096000000| Untracked 
| 165|0x0000000096100000, 0x0000000096100000, 0x0000000096200000|  0%| F|  |TAMS 0x0000000096100000| PB 0x0000000096100000| Untracked 
| 166|0x0000000096200000, 0x0000000096200000, 0x0000000096300000|  0%| F|  |TAMS 0x0000000096200000| PB 0x0000000096200000| Untracked 
| 167|0x0000000096300000, 0x0000000096300000, 0x0000000096400000|  0%| F|  |TAMS 0x0000000096300000| PB 0x0000000096300000| Untracked 
| 168|0x0000000096400000, 0x0000000096400000, 0x0000000096500000|  0%| F|  |TAMS 0x0000000096400000| PB 0x0000000096400000| Untracked 
| 169|0x0000000096500000, 0x0000000096500000, 0x0000000096600000|  0%| F|  |TAMS 0x0000000096500000| PB 0x0000000096500000| Untracked 
| 170|0x0000000096600000, 0x0000000096600000, 0x0000000096700000|  0%| F|  |TAMS 0x0000000096600000| PB 0x0000000096600000| Untracked 
| 171|0x0000000096700000, 0x0000000096700000, 0x0000000096800000|  0%| F|  |TAMS 0x0000000096700000| PB 0x0000000096700000| Untracked 
| 172|0x0000000096800000, 0x0000000096800000, 0x0000000096900000|  0%| F|  |TAMS 0x0000000096800000| PB 0x0000000096800000| Untracked 
| 173|0x0000000096900000, 0x0000000096900000, 0x0000000096a00000|  0%| F|  |TAMS 0x0000000096900000| PB 0x0000000096900000| Untracked 
| 174|0x0000000096a00000, 0x0000000096a00000, 0x0000000096b00000|  0%| F|  |TAMS 0x0000000096a00000| PB 0x0000000096a00000| Untracked 
| 175|0x0000000096b00000, 0x0000000096b00000, 0x0000000096c00000|  0%| F|  |TAMS 0x0000000096b00000| PB 0x0000000096b00000| Untracked 
| 176|0x0000000096c00000, 0x0000000096c00000, 0x0000000096d00000|  0%| F|  |TAMS 0x0000000096c00000| PB 0x0000000096c00000| Untracked 
| 177|0x0000000096d00000, 0x0000000096d00000, 0x0000000096e00000|  0%| F|  |TAMS 0x0000000096d00000| PB 0x0000000096d00000| Untracked 
| 178|0x0000000096e00000, 0x0000000096e00000, 0x0000000096f00000|  0%| F|  |TAMS 0x0000000096e00000| PB 0x0000000096e00000| Untracked 
| 179|0x0000000096f00000, 0x0000000096f00000, 0x0000000097000000|  0%| F|  |TAMS 0x0000000096f00000| PB 0x0000000096f00000| Untracked 
| 180|0x0000000097000000, 0x0000000097000000, 0x0000000097100000|  0%| F|  |TAMS 0x0000000097000000| PB 0x0000000097000000| Untracked 
| 181|0x0000000097100000, 0x0000000097100000, 0x0000000097200000|  0%| F|  |TAMS 0x0000000097100000| PB 0x0000000097100000| Untracked 
| 182|0x0000000097200000, 0x0000000097200000, 0x0000000097300000|  0%| F|  |TAMS 0x0000000097200000| PB 0x0000000097200000| Untracked 
| 183|0x0000000097300000, 0x0000000097300000, 0x0000000097400000|  0%| F|  |TAMS 0x0000000097300000| PB 0x0000000097300000| Untracked 
| 184|0x0000000097400000, 0x0000000097400000, 0x0000000097500000|  0%| F|  |TAMS 0x0000000097400000| PB 0x0000000097400000| Untracked 
| 185|0x0000000097500000, 0x0000000097500000, 0x0000000097600000|  0%| F|  |TAMS 0x0000000097500000| PB 0x0000000097500000| Untracked 
| 186|0x0000000097600000, 0x0000000097600000, 0x0000000097700000|  0%| F|  |TAMS 0x0000000097600000| PB 0x0000000097600000| Untracked 
| 187|0x0000000097700000, 0x0000000097700000, 0x0000000097800000|  0%| F|  |TAMS 0x0000000097700000| PB 0x0000000097700000| Untracked 
| 188|0x0000000097800000, 0x0000000097800000, 0x0000000097900000|  0%| F|  |TAMS 0x0000000097800000| PB 0x0000000097800000| Untracked 
| 189|0x0000000097900000, 0x0000000097900000, 0x0000000097a00000|  0%| F|  |TAMS 0x0000000097900000| PB 0x0000000097900000| Untracked 
| 190|0x0000000097a00000, 0x0000000097a00000, 0x0000000097b00000|  0%| F|  |TAMS 0x0000000097a00000| PB 0x0000000097a00000| Untracked 
| 191|0x0000000097b00000, 0x0000000097b00000, 0x0000000097c00000|  0%| F|  |TAMS 0x0000000097b00000| PB 0x0000000097b00000| Untracked 
| 192|0x0000000097c00000, 0x0000000097c00000, 0x0000000097d00000|  0%| F|  |TAMS 0x0000000097c00000| PB 0x0000000097c00000| Untracked 
| 193|0x0000000097d00000, 0x0000000097d00000, 0x0000000097e00000|  0%| F|  |TAMS 0x0000000097d00000| PB 0x0000000097d00000| Untracked 
| 194|0x0000000097e00000, 0x0000000097e00000, 0x0000000097f00000|  0%| F|  |TAMS 0x0000000097e00000| PB 0x0000000097e00000| Untracked 
| 195|0x0000000097f00000, 0x0000000097f00000, 0x0000000098000000|  0%| F|  |TAMS 0x0000000097f00000| PB 0x0000000097f00000| Untracked 
| 196|0x0000000098000000, 0x0000000098000000, 0x0000000098100000|  0%| F|  |TAMS 0x0000000098000000| PB 0x0000000098000000| Untracked 
| 197|0x0000000098100000, 0x0000000098100000, 0x0000000098200000|  0%| F|  |TAMS 0x0000000098100000| PB 0x0000000098100000| Untracked 
| 198|0x0000000098200000, 0x0000000098200000, 0x0000000098300000|  0%| F|  |TAMS 0x0000000098200000| PB 0x0000000098200000| Untracked 
| 199|0x0000000098300000, 0x0000000098300000, 0x0000000098400000|  0%| F|  |TAMS 0x0000000098300000| PB 0x0000000098300000| Untracked 
| 200|0x0000000098400000, 0x0000000098400000, 0x0000000098500000|  0%| F|  |TAMS 0x0000000098400000| PB 0x0000000098400000| Untracked 
| 201|0x0000000098500000, 0x0000000098500000, 0x0000000098600000|  0%| F|  |TAMS 0x0000000098500000| PB 0x0000000098500000| Untracked 
| 202|0x0000000098600000, 0x0000000098600000, 0x0000000098700000|  0%| F|  |TAMS 0x0000000098600000| PB 0x0000000098600000| Untracked 
| 203|0x0000000098700000, 0x0000000098700000, 0x0000000098800000|  0%| F|  |TAMS 0x0000000098700000| PB 0x0000000098700000| Untracked 
| 204|0x0000000098800000, 0x0000000098800000, 0x0000000098900000|  0%| F|  |TAMS 0x0000000098800000| PB 0x0000000098800000| Untracked 
| 205|0x0000000098900000, 0x0000000098900000, 0x0000000098a00000|  0%| F|  |TAMS 0x0000000098900000| PB 0x0000000098900000| Untracked 
| 206|0x0000000098a00000, 0x0000000098a00000, 0x0000000098b00000|  0%| F|  |TAMS 0x0000000098a00000| PB 0x0000000098a00000| Untracked 
| 207|0x0000000098b00000, 0x0000000098b00000, 0x0000000098c00000|  0%| F|  |TAMS 0x0000000098b00000| PB 0x0000000098b00000| Untracked 
| 208|0x0000000098c00000, 0x0000000098c00000, 0x0000000098d00000|  0%| F|  |TAMS 0x0000000098c00000| PB 0x0000000098c00000| Untracked 
| 209|0x0000000098d00000, 0x0000000098d00000, 0x0000000098e00000|  0%| F|  |TAMS 0x0000000098d00000| PB 0x0000000098d00000| Untracked 
| 210|0x0000000098e00000, 0x0000000098e00000, 0x0000000098f00000|  0%| F|  |TAMS 0x0000000098e00000| PB 0x0000000098e00000| Untracked 
| 211|0x0000000098f00000, 0x0000000098f00000, 0x0000000099000000|  0%| F|  |TAMS 0x0000000098f00000| PB 0x0000000098f00000| Untracked 
| 212|0x0000000099000000, 0x0000000099000000, 0x0000000099100000|  0%| F|  |TAMS 0x0000000099000000| PB 0x0000000099000000| Untracked 
| 213|0x0000000099100000, 0x0000000099100000, 0x0000000099200000|  0%| F|  |TAMS 0x0000000099100000| PB 0x0000000099100000| Untracked 
| 214|0x0000000099200000, 0x0000000099200000, 0x0000000099300000|  0%| F|  |TAMS 0x0000000099200000| PB 0x0000000099200000| Untracked 
| 215|0x0000000099300000, 0x0000000099300000, 0x0000000099400000|  0%| F|  |TAMS 0x0000000099300000| PB 0x0000000099300000| Untracked 
| 216|0x0000000099400000, 0x0000000099400000, 0x0000000099500000|  0%| F|  |TAMS 0x0000000099400000| PB 0x0000000099400000| Untracked 
| 217|0x0000000099500000, 0x0000000099500000, 0x0000000099600000|  0%| F|  |TAMS 0x0000000099500000| PB 0x0000000099500000| Untracked 
| 218|0x0000000099600000, 0x0000000099600000, 0x0000000099700000|  0%| F|  |TAMS 0x0000000099600000| PB 0x0000000099600000| Untracked 
| 219|0x0000000099700000, 0x0000000099700000, 0x0000000099800000|  0%| F|  |TAMS 0x0000000099700000| PB 0x0000000099700000| Untracked 
| 220|0x0000000099800000, 0x0000000099800000, 0x0000000099900000|  0%| F|  |TAMS 0x0000000099800000| PB 0x0000000099800000| Untracked 
| 221|0x0000000099900000, 0x0000000099900000, 0x0000000099a00000|  0%| F|  |TAMS 0x0000000099900000| PB 0x0000000099900000| Untracked 
| 222|0x0000000099a00000, 0x0000000099a00000, 0x0000000099b00000|  0%| F|  |TAMS 0x0000000099a00000| PB 0x0000000099a00000| Untracked 
| 223|0x0000000099b00000, 0x0000000099b00000, 0x0000000099c00000|  0%| F|  |TAMS 0x0000000099b00000| PB 0x0000000099b00000| Untracked 
| 224|0x0000000099c00000, 0x0000000099c00000, 0x0000000099d00000|  0%| F|  |TAMS 0x0000000099c00000| PB 0x0000000099c00000| Untracked 
| 225|0x0000000099d00000, 0x0000000099d00000, 0x0000000099e00000|  0%| F|  |TAMS 0x0000000099d00000| PB 0x0000000099d00000| Untracked 
| 226|0x0000000099e00000, 0x0000000099e00000, 0x0000000099f00000|  0%| F|  |TAMS 0x0000000099e00000| PB 0x0000000099e00000| Untracked 
| 227|0x0000000099f00000, 0x0000000099f00000, 0x000000009a000000|  0%| F|  |TAMS 0x0000000099f00000| PB 0x0000000099f00000| Untracked 
| 228|0x000000009a000000, 0x000000009a000000, 0x000000009a100000|  0%| F|  |TAMS 0x000000009a000000| PB 0x000000009a000000| Untracked 
| 229|0x000000009a100000, 0x000000009a100000, 0x000000009a200000|  0%| F|  |TAMS 0x000000009a100000| PB 0x000000009a100000| Untracked 
| 230|0x000000009a200000, 0x000000009a200000, 0x000000009a300000|  0%| F|  |TAMS 0x000000009a200000| PB 0x000000009a200000| Untracked 
| 231|0x000000009a300000, 0x000000009a400000, 0x000000009a400000|100%| S|CS|TAMS 0x000000009a300000| PB 0x000000009a300000| Complete 
| 232|0x000000009a400000, 0x000000009a400000, 0x000000009a500000|  0%| F|  |TAMS 0x000000009a400000| PB 0x000000009a400000| Untracked 
| 233|0x000000009a500000, 0x000000009a500000, 0x000000009a600000|  0%| F|  |TAMS 0x000000009a500000| PB 0x000000009a500000| Untracked 
| 234|0x000000009a600000, 0x000000009a600000, 0x000000009a700000|  0%| F|  |TAMS 0x000000009a600000| PB 0x000000009a600000| Untracked 
| 235|0x000000009a700000, 0x000000009a700000, 0x000000009a800000|  0%| F|  |TAMS 0x000000009a700000| PB 0x000000009a700000| Untracked 
|1856|0x00000000ffc00000, 0x00000000ffd00000, 0x00000000ffd00000|100%| O|  |TAMS 0x00000000ffc00000| PB 0x00000000ffc00000| Untracked 
|1857|0x00000000ffd00000, 0x00000000ffd00000, 0x00000000ffe00000|  0%| F|  |TAMS 0x00000000ffd00000| PB 0x00000000ffd00000| Untracked 
|1858|0x00000000ffe00000, 0x00000000ffe00000, 0x00000000fff00000|  0%| F|  |TAMS 0x00000000ffe00000| PB 0x00000000ffe00000| Untracked 
|1859|0x00000000fff00000, 0x00000000fff00000, 0x0000000100000000|  0%| F|  |TAMS 0x00000000fff00000| PB 0x00000000fff00000| Untracked 

Card table byte_map: [0x000001d076200000,0x000001d0765b0000] _byte_map_base: 0x000001d075da2000

Marking Bits: (CMBitMap*) 0x000001d062ed2ba0
 Bits: [0x000001d0765b0000, 0x000001d0782c0000)

Polling page: 0x000001d061320000

Metaspace:

Usage:
  Non-class:     66.86 MB used.
      Class:     10.85 MB used.
       Both:     77.71 MB used.

Virtual space:
  Non-class space:      128.00 MB reserved,      67.25 MB ( 53%) committed,  2 nodes.
      Class space:        1.00 GB reserved,      11.19 MB (  1%) committed,  1 nodes.
             Both:        1.12 GB reserved,      78.44 MB (  7%) committed. 

Chunk freelists:
   Non-Class:  12.22 MB
       Class:  4.64 MB
        Both:  16.86 MB

MaxMetaspaceSize: unlimited
CompressedClassSpaceSize: 1.00 GB
Initial GC threshold: 21.00 MB
Current GC threshold: 130.75 MB
CDS: on
 - commit_granule_bytes: 65536.
 - commit_granule_words: 8192.
 - virtual_space_node_default_size: 8388608.
 - enlarge_chunks_in_place: 1.
 - use_allocation_guard: 0.


Internal statistics:

num_allocs_failed_limit: 9.
num_arena_births: 1094.
num_arena_deaths: 0.
num_vsnodes_births: 3.
num_vsnodes_deaths: 0.
num_space_committed: 1255.
num_space_uncommitted: 0.
num_chunks_returned_to_freelist: 9.
num_chunks_taken_from_freelist: 3958.
num_chunk_merges: 9.
num_chunk_splits: 2891.
num_chunks_enlarged: 2222.
num_inconsistent_stats: 0.

CodeHeap 'non-profiled nmethods': size=120000Kb used=5005Kb max_used=5584Kb free=114994Kb
 bounds [0x000001d06dc90000, 0x000001d06e210000, 0x000001d0751c0000]
CodeHeap 'profiled nmethods': size=120000Kb used=13792Kb max_used=14204Kb free=106207Kb
 bounds [0x000001d0661c0000, 0x000001d066fe0000, 0x000001d06d6f0000]
CodeHeap 'non-nmethods': size=5760Kb used=1842Kb max_used=1917Kb free=3917Kb
 bounds [0x000001d06d6f0000, 0x000001d06d960000, 0x000001d06dc90000]
CodeCache: size=245760Kb, used=20639Kb, max_used=21705Kb, free=225118Kb
 total_blobs=8024, nmethods=7285, adapters=642, full_count=0
Compilation: enabled, stopped_count=0, restarted_count=0

Compilation events (20 events):
Event: 13.892 Thread 0x000001d07af4c430 8833       3       jdk.jfr.internal.jfc.model.XmlSelection::getOptionSyntax (121 bytes)
Event: 13.895 Thread 0x000001d07af4c430 nmethod 8833 0x000001d0666fe890 code [0x000001d0666fec40, 0x000001d066700210]
Event: 13.898 Thread 0x000001d07af4c430 8835       3       javax.management.QueryEval::getMBeanServer (10 bytes)
Event: 13.898 Thread 0x000001d07af4c430 nmethod 8835 0x000001d06626e710 code [0x000001d06626e8c0, 0x000001d06626eb88]
Event: 13.901 Thread 0x000001d07af4c430 8836       3       jdk.internal.util.xml.impl.Parser::chtyp (28 bytes)
Event: 13.904 Thread 0x000001d07af4c430 nmethod 8836 0x000001d0664c1810 code [0x000001d0664c19c0, 0x000001d0664c1bc0]
Event: 13.905 Thread 0x000001d0476e25d0 nmethod 8739 0x000001d06dfb2390 code [0x000001d06dfb25a0, 0x000001d06dfb3330]
Event: 13.905 Thread 0x000001d07af4c430 8837       3       jdk.jfr.internal.jfc.model.XmlOr::<init> (5 bytes)
Event: 13.905 Thread 0x000001d0476e25d0 8834       4       java.util.AbstractCollection::toArray (144 bytes)
Event: 13.905 Thread 0x000001d07af4c430 nmethod 8837 0x000001d0661f1c90 code [0x000001d0661f1e40, 0x000001d0661f1fe0]
Event: 13.905 Thread 0x000001d07af4c430 8838       3       jdk.jfr.internal.jfc.model.XmlSelection::<init> (5 bytes)
Event: 13.905 Thread 0x000001d07af4c430 nmethod 8838 0x000001d066214810 code [0x000001d0662149c0, 0x000001d066214b60]
Event: 13.905 Thread 0x000001d07af4c430 8840       3       jdk.jfr.internal.jfc.model.XmlExpression::validateChildConstraints (49 bytes)
Event: 13.905 Thread 0x000001d07af4c430 nmethod 8840 0x000001d06693b810 code [0x000001d06693baa0, 0x000001d06693c298]
Event: 13.905 Thread 0x000001d07af4c430 8841       3       jdk.jfr.internal.jfc.model.XmlSelection::attributes (10 bytes)
Event: 13.906 Thread 0x000001d07af4c430 nmethod 8841 0x000001d066f41b90 code [0x000001d066f41d80, 0x000001d066f42448]
Event: 13.909 Thread 0x000001d0476e1830 nmethod 8520 0x000001d06e1bd010 code [0x000001d06e1bdb80, 0x000001d06e1c8930]
Event: 13.910 Thread 0x000001d0476e1830 8670       4       java.util.regex.Pattern$BmpCharProperty::match (55 bytes)
Event: 13.912 Thread 0x000001d0476e25d0 nmethod 8834 0x000001d06dde5e10 code [0x000001d06dde6000, 0x000001d06dde6750]
Event: 13.912 Thread 0x000001d0476e25d0 8803       4       org.springframework.util.Assert::state (14 bytes)

GC Heap History (20 events):
Event: 11.895 GC heap after
{Heap after GC invocations=25 (full 0):
 garbage-first heap   total 145408K, used 57224K [0x000000008bc00000, 0x0000000100000000)
  region size 1024K, 3 young (3072K), 3 survivors (3072K)
 Metaspace       used 76124K, committed 76864K, reserved 1179648K
  class space    used 10589K, committed 10944K, reserved 1048576K
}
Event: 12.177 GC heap before
{Heap before GC invocations=26 (full 0):
 garbage-first heap   total 145408K, used 108424K [0x000000008bc00000, 0x0000000100000000)
  region size 1024K, 54 young (55296K), 3 survivors (3072K)
 Metaspace       used 78412K, committed 79168K, reserved 1179648K
  class space    used 10898K, committed 11264K, reserved 1048576K
}
Event: 12.189 GC heap after
{Heap after GC invocations=27 (full 0):
 garbage-first heap   total 145408K, used 71444K [0x000000008bc00000, 0x0000000100000000)
  region size 1024K, 7 young (7168K), 7 survivors (7168K)
 Metaspace       used 78412K, committed 79168K, reserved 1179648K
  class space    used 10898K, committed 11264K, reserved 1048576K
}
Event: 12.269 GC heap before
{Heap before GC invocations=27 (full 0):
 garbage-first heap   total 145408K, used 115476K [0x000000008bc00000, 0x0000000100000000)
  region size 1024K, 50 young (51200K), 7 survivors (7168K)
 Metaspace       used 78432K, committed 79168K, reserved 1179648K
  class space    used 10898K, committed 11264K, reserved 1048576K
}
Event: 12.276 GC heap after
{Heap after GC invocations=28 (full 0):
 garbage-first heap   total 145408K, used 76799K [0x000000008bc00000, 0x0000000100000000)
  region size 1024K, 5 young (5120K), 5 survivors (5120K)
 Metaspace       used 78432K, committed 79168K, reserved 1179648K
  class space    used 10898K, committed 11264K, reserved 1048576K
}
Event: 12.493 GC heap before
{Heap before GC invocations=28 (full 0):
 garbage-first heap   total 145408K, used 119807K [0x000000008bc00000, 0x0000000100000000)
  region size 1024K, 47 young (48128K), 5 survivors (5120K)
 Metaspace       used 79211K, committed 80000K, reserved 1179648K
  class space    used 11007K, committed 11392K, reserved 1048576K
}
Event: 12.496 GC heap after
{Heap after GC invocations=29 (full 0):
 garbage-first heap   total 145408K, used 77558K [0x000000008bc00000, 0x0000000100000000)
  region size 1024K, 5 young (5120K), 5 survivors (5120K)
 Metaspace       used 79211K, committed 80000K, reserved 1179648K
  class space    used 11007K, committed 11392K, reserved 1048576K
}
Event: 12.568 GC heap before
{Heap before GC invocations=30 (full 0):
 garbage-first heap   total 145408K, used 106230K [0x000000008bc00000, 0x0000000100000000)
  region size 1024K, 47 young (48128K), 5 survivors (5120K)
 Metaspace       used 79221K, committed 80000K, reserved 1179648K
  class space    used 11007K, committed 11392K, reserved 1048576K
}
Event: 12.572 GC heap after
{Heap after GC invocations=31 (full 0):
 garbage-first heap   total 145408K, used 66081K [0x000000008bc00000, 0x0000000100000000)
  region size 1024K, 6 young (6144K), 6 survivors (6144K)
 Metaspace       used 79221K, committed 80000K, reserved 1179648K
  class space    used 11007K, committed 11392K, reserved 1048576K
}
Event: 12.641 GC heap before
{Heap before GC invocations=31 (full 0):
 garbage-first heap   total 145408K, used 117281K [0x000000008bc00000, 0x0000000100000000)
  region size 1024K, 56 young (57344K), 6 survivors (6144K)
 Metaspace       used 79235K, committed 80000K, reserved 1179648K
  class space    used 11012K, committed 11392K, reserved 1048576K
}
Event: 12.642 GC heap after
{Heap after GC invocations=32 (full 0):
 garbage-first heap   total 145408K, used 50934K [0x000000008bc00000, 0x0000000100000000)
  region size 1024K, 2 young (2048K), 2 survivors (2048K)
 Metaspace       used 79235K, committed 80000K, reserved 1179648K
  class space    used 11012K, committed 11392K, reserved 1048576K
}
Event: 12.806 GC heap before
{Heap before GC invocations=32 (full 0):
 garbage-first heap   total 145408K, used 113398K [0x000000008bc00000, 0x0000000100000000)
  region size 1024K, 63 young (64512K), 2 survivors (2048K)
 Metaspace       used 79564K, committed 80320K, reserved 1179648K
  class space    used 11109K, committed 11456K, reserved 1048576K
}
Event: 13.845 GC heap after
{Heap after GC invocations=33 (full 0):
 garbage-first heap   total 245760K, used 52435K [0x000000008bc00000, 0x0000000100000000)
  region size 1024K, 3 young (3072K), 3 survivors (3072K)
 Metaspace       used 79564K, committed 80320K, reserved 1179648K
  class space    used 11109K, committed 11456K, reserved 1048576K
}
Event: 13.881 GC heap before
{Heap before GC invocations=33 (full 0):
 garbage-first heap   total 178176K, used 61651K [0x000000008bc00000, 0x0000000100000000)
  region size 1024K, 12 young (12288K), 3 survivors (3072K)
 Metaspace       used 79566K, committed 80320K, reserved 1179648K
  class space    used 11109K, committed 11456K, reserved 1048576K
}
Event: 13.883 GC heap after
{Heap after GC invocations=34 (full 0):
 garbage-first heap   total 178176K, used 51704K [0x000000008bc00000, 0x0000000100000000)
  region size 1024K, 1 young (1024K), 1 survivors (1024K)
 Metaspace       used 79566K, committed 80320K, reserved 1179648K
  class space    used 11109K, committed 11456K, reserved 1048576K
}
Event: 13.892 GC heap before
{Heap before GC invocations=35 (full 0):
 garbage-first heap   total 178176K, used 57848K [0x000000008bc00000, 0x0000000100000000)
  region size 1024K, 8 young (8192K), 1 survivors (1024K)
 Metaspace       used 79567K, committed 80320K, reserved 1179648K
  class space    used 11109K, committed 11456K, reserved 1048576K
}
Event: 13.894 GC heap after
{Heap after GC invocations=36 (full 0):
 garbage-first heap   total 178176K, used 52969K [0x000000008bc00000, 0x0000000100000000)
  region size 1024K, 1 young (1024K), 1 survivors (1024K)
 Metaspace       used 79567K, committed 80320K, reserved 1179648K
  class space    used 11109K, committed 11456K, reserved 1048576K
}
Event: 13.901 GC heap before
{Heap before GC invocations=36 (full 0):
 garbage-first heap   total 178176K, used 60137K [0x000000008bc00000, 0x0000000100000000)
  region size 1024K, 8 young (8192K), 1 survivors (1024K)
 Metaspace       used 79569K, committed 80320K, reserved 1179648K
  class space    used 11109K, committed 11456K, reserved 1048576K
}
Event: 13.904 GC heap after
{Heap after GC invocations=37 (full 0):
 garbage-first heap   total 178176K, used 54255K [0x000000008bc00000, 0x0000000100000000)
  region size 1024K, 1 young (1024K), 1 survivors (1024K)
 Metaspace       used 79569K, committed 80320K, reserved 1179648K
  class space    used 11109K, committed 11456K, reserved 1048576K
}
Event: 13.912 GC heap before
{Heap before GC invocations=37 (full 0):
 garbage-first heap   total 178176K, used 61423K [0x000000008bc00000, 0x0000000100000000)
  region size 1024K, 8 young (8192K), 1 survivors (1024K)
 Metaspace       used 79571K, committed 80320K, reserved 1179648K
  class space    used 11109K, committed 11456K, reserved 1048576K
}

Dll operation events (11 events):
Event: 0.009 Loaded shared library C:\Users\Camila\.vscode\extensions\redhat.java-1.54.0-win32-x64\jre\21.0.10-win32-x86_64\bin\java.dll
Event: 0.037 Loaded shared library C:\Users\Camila\.vscode\extensions\redhat.java-1.54.0-win32-x64\jre\21.0.10-win32-x86_64\bin\zip.dll
Event: 0.425 Loaded shared library C:\Users\Camila\.vscode\extensions\redhat.java-1.54.0-win32-x64\jre\21.0.10-win32-x86_64\bin\jimage.dll
Event: 0.434 Loaded shared library C:\Users\Camila\.vscode\extensions\redhat.java-1.54.0-win32-x64\jre\21.0.10-win32-x86_64\bin\net.dll
Event: 0.435 Loaded shared library C:\Users\Camila\.vscode\extensions\redhat.java-1.54.0-win32-x64\jre\21.0.10-win32-x86_64\bin\nio.dll
Event: 0.438 Loaded shared library C:\Users\Camila\.vscode\extensions\redhat.java-1.54.0-win32-x64\jre\21.0.10-win32-x86_64\bin\zip.dll
Event: 0.535 Loaded shared library C:\Users\Camila\.vscode\extensions\redhat.java-1.54.0-win32-x64\jre\21.0.10-win32-x86_64\bin\management.dll
Event: 0.548 Loaded shared library C:\Users\Camila\.vscode\extensions\redhat.java-1.54.0-win32-x64\jre\21.0.10-win32-x86_64\bin\management_ext.dll
Event: 0.825 Loaded shared library C:\Users\Camila\.vscode\extensions\redhat.java-1.54.0-win32-x64\jre\21.0.10-win32-x86_64\bin\extnet.dll
Event: 2.789 Loaded shared library C:\Users\Camila\.vscode\extensions\redhat.java-1.54.0-win32-x64\jre\21.0.10-win32-x86_64\bin\sunmscapi.dll
Event: 7.986 Loaded shared library C:\Users\Camila\.vscode\extensions\redhat.java-1.54.0-win32-x64\jre\21.0.10-win32-x86_64\bin\verify.dll

Deoptimization events (20 events):
Event: 13.876 Thread 0x000001d0451b6530 DEOPT PACKING pc=0x000001d06de110d0 sp=0x00000027068fe3e0
Event: 13.876 Thread 0x000001d0451b6530 DEOPT UNPACKING pc=0x000001d06d7486e2 sp=0x00000027068fd7f0 mode 1
Event: 13.876 Thread 0x000001d0451b6530 DEOPT PACKING pc=0x000001d06de110d0 sp=0x00000027068fe420
Event: 13.876 Thread 0x000001d0451b6530 DEOPT UNPACKING pc=0x000001d06d7486e2 sp=0x00000027068fd830 mode 1
Event: 13.883 Thread 0x000001d0451b6530 Uncommon trap: trap_request=0xffffffd6 fr.pc=0x000001d06de55b50 relative=0x0000000000000450
Event: 13.883 Thread 0x000001d0451b6530 Uncommon trap: reason=array_check action=maybe_recompile pc=0x000001d06de55b50 method=java.util.AbstractCollection.toArray([Ljava/lang/Object;)[Ljava/lang/Object; @ 116 c2
Event: 13.883 Thread 0x000001d0451b6530 DEOPT PACKING pc=0x000001d06de55b50 sp=0x00000027068fe070
Event: 13.883 Thread 0x000001d0451b6530 DEOPT UNPACKING pc=0x000001d06d747ba2 sp=0x00000027068fe020 mode 2
Event: 13.883 Thread 0x000001d0451b6530 Uncommon trap: trap_request=0xffffffd6 fr.pc=0x000001d06de55b50 relative=0x0000000000000450
Event: 13.883 Thread 0x000001d0451b6530 Uncommon trap: reason=array_check action=maybe_recompile pc=0x000001d06de55b50 method=java.util.AbstractCollection.toArray([Ljava/lang/Object;)[Ljava/lang/Object; @ 116 c2
Event: 13.883 Thread 0x000001d0451b6530 DEOPT PACKING pc=0x000001d06de55b50 sp=0x00000027068fe070
Event: 13.883 Thread 0x000001d0451b6530 DEOPT UNPACKING pc=0x000001d06d747ba2 sp=0x00000027068fe020 mode 2
Event: 13.883 Thread 0x000001d0451b6530 Uncommon trap: trap_request=0xffffffd6 fr.pc=0x000001d06de55b50 relative=0x0000000000000450
Event: 13.883 Thread 0x000001d0451b6530 Uncommon trap: reason=array_check action=maybe_recompile pc=0x000001d06de55b50 method=java.util.AbstractCollection.toArray([Ljava/lang/Object;)[Ljava/lang/Object; @ 116 c2
Event: 13.883 Thread 0x000001d0451b6530 DEOPT PACKING pc=0x000001d06de55b50 sp=0x00000027068fe070
Event: 13.883 Thread 0x000001d0451b6530 DEOPT UNPACKING pc=0x000001d06d747ba2 sp=0x00000027068fe020 mode 2
Event: 13.898 Thread 0x000001d0451b6530 DEOPT PACKING pc=0x000001d06de110d0 sp=0x00000027068fe3e0
Event: 13.898 Thread 0x000001d0451b6530 DEOPT UNPACKING pc=0x000001d06d7486e2 sp=0x00000027068fd7f0 mode 1
Event: 13.909 Thread 0x000001d0451b6530 DEOPT PACKING pc=0x000001d06de110d0 sp=0x00000027068fe3e0
Event: 13.909 Thread 0x000001d0451b6530 DEOPT UNPACKING pc=0x000001d06d7486e2 sp=0x00000027068fd7f0 mode 1

Classes loaded (20 events):
Event: 11.300 Loading class java/util/regex/Pattern$Behind
Event: 11.300 Loading class java/util/regex/Pattern$Behind done
Event: 11.321 Loading class java/util/EmptyStackException
Event: 11.321 Loading class java/util/EmptyStackException done
Event: 11.442 Loading class java/io/InvalidClassException
Event: 11.442 Loading class java/io/InvalidClassException done
Event: 12.118 Loading class java/lang/Character$UnicodeBlock
Event: 12.120 Loading class java/lang/Character$Subset
Event: 12.120 Loading class java/lang/Character$Subset done
Event: 12.120 Loading class java/lang/Character$UnicodeBlock done
Event: 12.353 Loading class java/util/stream/SortedOps$SizedRefSortingSink
Event: 12.353 Loading class java/util/stream/SortedOps$SizedRefSortingSink done
Event: 12.373 Loading class javax/net/ssl/SSLException
Event: 12.373 Loading class javax/net/ssl/SSLException done
Event: 12.389 Loading class java/nio/channels/CompletionHandler
Event: 12.389 Loading class java/nio/channels/CompletionHandler done
Event: 12.442 Loading class sun/reflect/annotation/AnnotationInvocationHandler$1
Event: 12.442 Loading class sun/reflect/annotation/AnnotationInvocationHandler$1 done
Event: 12.692 Loading class java/lang/invoke/MethodHandleImpl$CountingWrapper$1
Event: 12.693 Loading class java/lang/invoke/MethodHandleImpl$CountingWrapper$1 done

Classes unloaded (0 events):
No events

Classes redefined (0 events):
No events

Internal exceptions (20 events):
Event: 13.869 Thread 0x000001d0451b6530 Exception <a 'java/lang/ClassNotFoundException'{0x00000000ffe2fc00}: org/springframework/boot/actuate/endpoint/jmx/EndpointMBean> (0x00000000ffe2fc00) 
thrown [s\src\hotspot\share\classfile\systemDictionary.cpp, line 312]
Event: 13.869 Thread 0x000001d0451b6530 Exception <a 'java/lang/ClassNotFoundException'{0x00000000ffe2ffd0}: org/springframework/boot/actuate/endpoint/jmx/DataEndpointMBean> (0x00000000ffe2ffd0) 
thrown [s\src\hotspot\share\classfile\systemDictionary.cpp, line 312]
Event: 13.869 Thread 0x000001d0451b6530 Exception <a 'java/lang/ClassNotFoundException'{0x00000000ffe30398}: org/springframework/context/support/LiveBeansView> (0x00000000ffe30398) 
thrown [s\src\hotspot\share\classfile\systemDictionary.cpp, line 312]
Event: 13.869 Thread 0x000001d0451b6530 Exception <a 'java/lang/ClassNotFoundException'{0x00000000ffe30768}: org/springframework/boot/actuate/endpoint/jmx/EndpointMBean> (0x00000000ffe30768) 
thrown [s\src\hotspot\share\classfile\systemDictionary.cpp, line 312]
Event: 13.870 Thread 0x000001d0451b6530 Exception <a 'java/lang/ClassNotFoundException'{0x00000000ffe30b38}: org/springframework/boot/actuate/endpoint/jmx/DataEndpointMBean> (0x00000000ffe30b38) 
thrown [s\src\hotspot\share\classfile\systemDictionary.cpp, line 312]
Event: 13.870 Thread 0x000001d0451b6530 Exception <a 'java/lang/ClassNotFoundException'{0x00000000ffe30f00}: org/springframework/context/support/LiveBeansView> (0x00000000ffe30f00) 
thrown [s\src\hotspot\share\classfile\systemDictionary.cpp, line 312]
Event: 13.870 Thread 0x000001d0451b6530 Exception <a 'java/lang/ClassNotFoundException'{0x00000000ffe312d0}: org/springframework/boot/actuate/endpoint/jmx/EndpointMBean> (0x00000000ffe312d0) 
thrown [s\src\hotspot\share\classfile\systemDictionary.cpp, line 312]
Event: 13.870 Thread 0x000001d0451b6530 Exception <a 'java/lang/ClassNotFoundException'{0x00000000ffe316a0}: org/springframework/boot/actuate/endpoint/jmx/DataEndpointMBean> (0x00000000ffe316a0) 
thrown [s\src\hotspot\share\classfile\systemDictionary.cpp, line 312]
Event: 13.876 Thread 0x000001d0451b6530 Exception <a 'java/lang/ClassNotFoundException'{0x000000009a280000}: org/springframework/context/support/LiveBeansView> (0x000000009a280000) 
thrown [s\src\hotspot\share\classfile\systemDictionary.cpp, line 312]
Event: 13.876 Thread 0x000001d0451b6530 Exception <a 'java/lang/ClassNotFoundException'{0x000000009a2803b0}: org/springframework/boot/actuate/endpoint/jmx/EndpointMBean> (0x000000009a2803b0) 
thrown [s\src\hotspot\share\classfile\systemDictionary.cpp, line 312]
Event: 13.876 Thread 0x000001d0451b6530 Exception <a 'java/lang/ClassNotFoundException'{0x000000009a280760}: org/springframework/boot/actuate/endpoint/jmx/DataEndpointMBean> (0x000000009a280760) 
thrown [s\src\hotspot\share\classfile\systemDictionary.cpp, line 312]
Event: 13.876 Thread 0x000001d0451b6530 Exception <a 'java/lang/ClassNotFoundException'{0x000000009a280b08}: org/springframework/context/support/LiveBeansView> (0x000000009a280b08) 
thrown [s\src\hotspot\share\classfile\systemDictionary.cpp, line 312]
Event: 13.876 Thread 0x000001d0451b6530 Exception <a 'java/lang/ClassNotFoundException'{0x000000009a280ed0}: org/springframework/boot/actuate/endpoint/jmx/EndpointMBean> (0x000000009a280ed0) 
thrown [s\src\hotspot\share\classfile\systemDictionary.cpp, line 312]
Event: 13.876 Thread 0x000001d0451b6530 Exception <a 'java/lang/ClassNotFoundException'{0x000000009a281298}: org/springframework/boot/actuate/endpoint/jmx/DataEndpointMBean> (0x000000009a281298) 
thrown [s\src\hotspot\share\classfile\systemDictionary.cpp, line 312]
Event: 13.876 Thread 0x000001d0451b6530 Exception <a 'java/lang/ClassNotFoundException'{0x000000009a281658}: org/springframework/context/support/LiveBeansView> (0x000000009a281658) 
thrown [s\src\hotspot\share\classfile\systemDictionary.cpp, line 312]
Event: 13.876 Thread 0x000001d0451b6530 Exception <a 'java/lang/ClassNotFoundException'{0x000000009a281a10}: org/springframework/boot/actuate/endpoint/jmx/EndpointMBean> (0x000000009a281a10) 
thrown [s\src\hotspot\share\classfile\systemDictionary.cpp, line 312]
Event: 13.876 Thread 0x000001d0451b6530 Exception <a 'java/lang/ClassNotFoundException'{0x000000009a281dc8}: org/springframework/boot/actuate/endpoint/jmx/DataEndpointMBean> (0x000000009a281dc8) 
thrown [s\src\hotspot\share\classfile\systemDictionary.cpp, line 312]
Event: 13.876 Thread 0x000001d0451b6530 Exception <a 'java/lang/ClassNotFoundException'{0x000000009a282178}: org/springframework/context/support/LiveBeansView> (0x000000009a282178) 
thrown [s\src\hotspot\share\classfile\systemDictionary.cpp, line 312]
Event: 13.898 Thread 0x000001d0451b6530 Exception <a 'java/lang/ClassNotFoundException'{0x000000009a74c420}: org/springframework/boot/actuate/endpoint/jmx/EndpointMBean> (0x000000009a74c420) 
thrown [s\src\hotspot\share\classfile\systemDictionary.cpp, line 312]
Event: 13.909 Thread 0x000001d0451b6530 Exception <a 'java/lang/ClassNotFoundException'{0x000000009a6b4298}: org/springframework/boot/actuate/endpoint/jmx/DataEndpointMBean> (0x000000009a6b4298) 
thrown [s\src\hotspot\share\classfile\systemDictionary.cpp, line 312]

ZGC Phase Switch (0 events):
No events

VM Operations (20 events):
Event: 12.526 Executing safepoint VM operation: G1PauseRemark done
Event: 12.538 Executing safepoint VM operation: G1PauseCleanup
Event: 12.538 Executing safepoint VM operation: G1PauseCleanup done
Event: 12.568 Executing safepoint VM operation: G1CollectForAllocation (G1 Evacuation Pause)
Event: 12.572 Executing safepoint VM operation: G1CollectForAllocation (G1 Evacuation Pause) done
Event: 12.641 Executing safepoint VM operation: G1CollectForAllocation (G1 Evacuation Pause)
Event: 12.643 Executing safepoint VM operation: G1CollectForAllocation (G1 Evacuation Pause) done
Event: 12.806 Executing safepoint VM operation: G1CollectForAllocation (G1 Evacuation Pause)
Event: 13.845 Executing safepoint VM operation: G1CollectForAllocation (G1 Evacuation Pause) done
Event: 13.870 Executing safepoint VM operation: G1PauseRemark
Event: 13.875 Executing safepoint VM operation: G1PauseRemark done
Event: 13.880 Executing safepoint VM operation: G1CollectForAllocation (G1 Evacuation Pause)
Event: 13.883 Executing safepoint VM operation: G1CollectForAllocation (G1 Evacuation Pause) done
Event: 13.891 Executing safepoint VM operation: G1PauseCleanup
Event: 13.891 Executing safepoint VM operation: G1PauseCleanup done
Event: 13.892 Executing safepoint VM operation: G1CollectForAllocation (G1 Evacuation Pause)
Event: 13.894 Executing safepoint VM operation: G1CollectForAllocation (G1 Evacuation Pause) done
Event: 13.901 Executing safepoint VM operation: G1CollectForAllocation (G1 Evacuation Pause)
Event: 13.904 Executing safepoint VM operation: G1CollectForAllocation (G1 Evacuation Pause) done
Event: 13.912 Executing safepoint VM operation: G1CollectForAllocation (G1 Evacuation Pause)

Memory protections (0 events):
No events

Nmethod flushes (20 events):
Event: 13.875 Thread 0x000001d07af0f220 flushing  nmethod 0x000001d0664f5490
Event: 13.875 Thread 0x000001d07af0f220 flushing  nmethod 0x000001d066548e10
Event: 13.875 Thread 0x000001d07af0f220 flushing  nmethod 0x000001d06693b810
Event: 13.875 Thread 0x000001d07af0f220 flushing  nmethod 0x000001d066a4d890
Event: 13.875 Thread 0x000001d07af0f220 flushing  nmethod 0x000001d066ab3f10
Event: 13.875 Thread 0x000001d07af0f220 flushing  nmethod 0x000001d066d4a290
Event: 13.875 Thread 0x000001d07af0f220 flushing  nmethod 0x000001d0661f1c90
Event: 13.875 Thread 0x000001d07af0f220 flushing  nmethod 0x000001d066260c10
Event: 13.875 Thread 0x000001d07af0f220 flushing  nmethod 0x000001d066290d10
Event: 13.875 Thread 0x000001d07af0f220 flushing  nmethod 0x000001d0662ab310
Event: 13.875 Thread 0x000001d07af0f220 flushing  nmethod 0x000001d0663e3f90
Event: 13.875 Thread 0x000001d07af0f220 flushing  nmethod 0x000001d0663e9510
Event: 13.875 Thread 0x000001d07af0f220 flushing  nmethod 0x000001d0665ae590
Event: 13.875 Thread 0x000001d07af0f220 flushing  nmethod 0x000001d066729f90
Event: 13.875 Thread 0x000001d07af0f220 flushing  nmethod 0x000001d066735110
Event: 13.875 Thread 0x000001d07af0f220 flushing  nmethod 0x000001d066815010
Event: 13.875 Thread 0x000001d07af0f220 flushing  nmethod 0x000001d0668c4410
Event: 13.875 Thread 0x000001d07af0f220 flushing  nmethod 0x000001d066c65b10
Event: 13.875 Thread 0x000001d07af0f220 flushing  nmethod 0x000001d066c9d910
Event: 13.875 Thread 0x000001d07af0f220 flushing  nmethod 0x000001d066ca4b90

Events (20 events):
Event: 3.088 Thread 0x000001d07fa7ccc0 Thread exited: 0x000001d07fa7ccc0
Event: 5.645 Thread 0x000001d07af4c430 Thread added: 0x000001d044380df0
Event: 6.321 Thread 0x000001d07af4c430 Thread added: 0x000001d04477e920
Event: 7.321 Thread 0x000001d07fa7e070 Thread added: 0x000001d07fa7c630
Event: 8.582 Thread 0x000001d07fa7e070 Thread added: 0x000001d07fa7ccc0
Event: 8.700 Thread 0x000001d07fa7ccc0 Thread added: 0x000001d0451b9320
Event: 9.754 Thread 0x000001d04477e920 Thread exited: 0x000001d04477e920
Event: 10.066 Thread 0x000001d07af4c430 Thread added: 0x000001d04d5236d0
Event: 10.626 Thread 0x000001d04d5236d0 Thread exited: 0x000001d04d5236d0
Event: 10.626 Thread 0x000001d044380df0 Thread exited: 0x000001d044380df0
Event: 10.768 Thread 0x000001d07af4c430 Thread added: 0x000001d04d5236d0
Event: 10.861 Thread 0x000001d07af4c430 Thread added: 0x000001d0488ddbf0
Event: 11.444 Thread 0x000001d0488ddbf0 Thread exited: 0x000001d0488ddbf0
Event: 11.444 Thread 0x000001d04d5236d0 Thread exited: 0x000001d04d5236d0
Event: 11.527 Thread 0x000001d07af4c430 Thread added: 0x000001d0476e1830
Event: 11.528 Thread 0x000001d07af4c430 Thread added: 0x000001d0476e25d0
Event: 12.405 Thread 0x000001d07fa7e070 Thread added: 0x000001d0451b8600
Event: 12.406 Thread 0x000001d0451b8600 Thread added: 0x000001d0451b78e0
Event: 12.411 Thread 0x000001d07fa7e070 Thread added: 0x000001d0451b5ea0
Event: 13.845 Thread 0x000001d07fba62f0 Thread added: 0x000001d0451b6530


Dynamic libraries:
0x00007ff7f8dc0000 - 0x00007ff7f8dce000 	C:\Users\Camila\.vscode\extensions\redhat.java-1.54.0-win32-x64\jre\21.0.10-win32-x86_64\bin\java.exe
0x00007ffbd7840000 - 0x00007ffbd7aa6000 	C:\windows\SYSTEM32\ntdll.dll
0x00007ffbd6370000 - 0x00007ffbd6439000 	C:\windows\System32\KERNEL32.DLL
0x00007ffbd4d60000 - 0x00007ffbd515a000 	C:\windows\System32\KERNELBASE.dll
0x00007ffbd4b80000 - 0x00007ffbd4ccc000 	C:\windows\System32\ucrtbase.dll
0x00007ffb8f9f0000 - 0x00007ffb8fa08000 	C:\Users\Camila\.vscode\extensions\redhat.java-1.54.0-win32-x64\jre\21.0.10-win32-x86_64\bin\jli.dll
0x00007ffb93860000 - 0x00007ffb9387e000 	C:\Users\Camila\.vscode\extensions\redhat.java-1.54.0-win32-x64\jre\21.0.10-win32-x86_64\bin\VCRUNTIME140.dll
0x00007ffbd7300000 - 0x00007ffbd74c7000 	C:\windows\System32\USER32.dll
0x00007ffbd5160000 - 0x00007ffbd5187000 	C:\windows\System32\win32u.dll
0x00007ffbc0e80000 - 0x00007ffbc1112000 	C:\windows\WinSxS\amd64_microsoft.windows.common-controls_6595b64144ccf1df_6.0.26100.8521_none_3e08b75ce33403b3\COMCTL32.dll
0x00007ffbd55c0000 - 0x00007ffbd55eb000 	C:\windows\System32\GDI32.dll
0x00007ffbd58f0000 - 0x00007ffbd5999000 	C:\windows\System32\msvcrt.dll
0x00007ffbd5250000 - 0x00007ffbd537b000 	C:\windows\System32\gdi32full.dll
0x00007ffbd4ad0000 - 0x00007ffbd4b73000 	C:\windows\System32\msvcp_win.dll
0x00007ffbd76f0000 - 0x00007ffbd7722000 	C:\windows\System32\IMM32.DLL
0x00007ffbaf440000 - 0x00007ffbaf532000 	C:\Program Files\Windhawk\Engine\1.7.3\64\windhawk.dll
0x00007ffbd62b0000 - 0x00007ffbd6366000 	C:\windows\System32\ADVAPI32.dll
0x00007ffbd6440000 - 0x00007ffbd64ea000 	C:\windows\System32\sechost.dll
0x00007ffbd74d0000 - 0x00007ffbd75e8000 	C:\windows\System32\RPCRT4.dll
0x00007ffbac1e0000 - 0x00007ffbac1ec000 	C:\Users\Camila\.vscode\extensions\redhat.java-1.54.0-win32-x64\jre\21.0.10-win32-x86_64\bin\vcruntime140_1.dll
0x00007ffb567c0000 - 0x00007ffb5684d000 	C:\Users\Camila\.vscode\extensions\redhat.java-1.54.0-win32-x64\jre\21.0.10-win32-x86_64\bin\msvcp140.dll
0x00007ffa984f0000 - 0x00007ffa99291000 	C:\Users\Camila\.vscode\extensions\redhat.java-1.54.0-win32-x64\jre\21.0.10-win32-x86_64\bin\server\jvm.dll
0x00007ffbd59a0000 - 0x00007ffbd5a20000 	C:\windows\System32\WS2_32.dll
0x00007ffbcb2a0000 - 0x00007ffbcb2ab000 	C:\windows\SYSTEM32\VERSION.dll
0x00007ffbd4930000 - 0x00007ffbd498e000 	C:\windows\SYSTEM32\POWRPROF.dll
0x00007ffbc9e90000 - 0x00007ffbc9ec6000 	C:\windows\SYSTEM32\WINMM.dll
0x00007ffbd4910000 - 0x00007ffbd4924000 	C:\windows\SYSTEM32\UMPDC.dll
0x00007ffbd3860000 - 0x00007ffbd387b000 	C:\windows\SYSTEM32\kernel.appcore.dll
0x00007ffba99f0000 - 0x00007ffba99fa000 	C:\Users\Camila\.vscode\extensions\redhat.java-1.54.0-win32-x64\jre\21.0.10-win32-x86_64\bin\jimage.dll
0x00007ffbcb670000 - 0x00007ffbcb8b2000 	C:\windows\SYSTEM32\DBGHELP.DLL
0x00007ffbd6f70000 - 0x00007ffbd72f3000 	C:\windows\System32\combase.dll
0x00007ffbd64f0000 - 0x00007ffbd65c9000 	C:\windows\System32\OLEAUT32.dll
0x00007ffbbf860000 - 0x00007ffbbf89b000 	C:\windows\SYSTEM32\dbgcore.DLL
0x00007ffbd5380000 - 0x00007ffbd5428000 	C:\windows\System32\bcryptPrimitives.dll
0x00007ffb9be60000 - 0x00007ffb9be9c000 	C:\Users\Camila\.vscode\extensions\redhat.java-1.54.0-win32-x64\jre\21.0.10-win32-x86_64\bin\jdwp.dll
0x00007ffb8e630000 - 0x00007ffb8e650000 	C:\Users\Camila\.vscode\extensions\redhat.java-1.54.0-win32-x64\jre\21.0.10-win32-x86_64\bin\java.dll
0x00007ffbd5ac0000 - 0x00007ffbd6244000 	C:\windows\System32\SHELL32.dll
0x00007ffbd2690000 - 0x00007ffbd2f10000 	C:\windows\SYSTEM32\windows.storage.dll
0x00007ffbd65d0000 - 0x00007ffbd66c6000 	C:\windows\System32\SHCORE.dll
0x00007ffbd6ef0000 - 0x00007ffbd6f57000 	C:\windows\System32\shlwapi.dll
0x00007ffbd49f0000 - 0x00007ffbd4a19000 	C:\windows\SYSTEM32\profapi.dll
0x00007ffb8a550000 - 0x00007ffb8a568000 	C:\Users\Camila\.vscode\extensions\redhat.java-1.54.0-win32-x64\jre\21.0.10-win32-x86_64\bin\zip.dll
0x00007ffbbe870000 - 0x00007ffbbe87c000 	C:\Users\Camila\.vscode\extensions\redhat.java-1.54.0-win32-x64\jre\21.0.10-win32-x86_64\bin\dt_socket.dll
0x00007ffbd3290000 - 0x00007ffbd32c3000 	C:\windows\SYSTEM32\IPHLPAPI.DLL
0x00007ffbd3dd0000 - 0x00007ffbd3e3c000 	C:\windows\system32\mswsock.dll
0x00007ffbd32d0000 - 0x00007ffbd341a000 	C:\windows\SYSTEM32\DNSAPI.dll
0x00007ffbd3bd0000 - 0x00007ffbd3bdd000 	C:\windows\SYSTEM32\DSPARSE.dll
0x00007ffbd6f60000 - 0x00007ffbd6f6a000 	C:\windows\System32\NSI.dll
0x00007ffbcd9a0000 - 0x00007ffbcd9ab000 	C:\Windows\System32\rasadhlp.dll
0x00007ffbce160000 - 0x00007ffbce1e6000 	C:\windows\System32\fwpuclnt.dll
0x00007ffba5b80000 - 0x00007ffba5b90000 	C:\Users\Camila\.vscode\extensions\redhat.java-1.54.0-win32-x64\jre\21.0.10-win32-x86_64\bin\net.dll
0x00007ffbcdce0000 - 0x00007ffbcde09000 	C:\windows\SYSTEM32\WINHTTP.dll
0x00007ffb89e90000 - 0x00007ffb89ea6000 	C:\Users\Camila\.vscode\extensions\redhat.java-1.54.0-win32-x64\jre\21.0.10-win32-x86_64\bin\nio.dll
0x00007ffbbe740000 - 0x00007ffbbe74a000 	C:\Users\Camila\.vscode\extensions\redhat.java-1.54.0-win32-x64\jre\21.0.10-win32-x86_64\bin\management.dll
0x00007ffb9bd70000 - 0x00007ffb9bd7c000 	C:\Users\Camila\.vscode\extensions\redhat.java-1.54.0-win32-x64\jre\21.0.10-win32-x86_64\bin\management_ext.dll
0x00007ffbd55b0000 - 0x00007ffbd55b8000 	C:\windows\System32\PSAPI.DLL
0x00007ffb97d50000 - 0x00007ffb97d68000 	C:\windows\system32\napinsp.dll
0x00007ffb7a110000 - 0x00007ffb7a123000 	C:\windows\System32\winrnr.dll
0x00007ffb97d70000 - 0x00007ffb97d92000 	C:\windows\system32\nlansp_c.dll
0x00007ffbcbf40000 - 0x00007ffbcbf56000 	C:\windows\system32\wshbth.dll
0x00007ffbd40b0000 - 0x00007ffbd40cb000 	C:\windows\SYSTEM32\CRYPTSP.dll
0x00007ffbd37c0000 - 0x00007ffbd37f9000 	C:\windows\system32\rsaenh.dll
0x00007ffbd3e80000 - 0x00007ffbd3eb3000 	C:\windows\SYSTEM32\USERENV.dll
0x00007ffbd49c0000 - 0x00007ffbd49ea000 	C:\windows\SYSTEM32\bcrypt.dll
0x00007ffbd40d0000 - 0x00007ffbd40dc000 	C:\windows\SYSTEM32\CRYPTBASE.dll
0x00007ffb90ff0000 - 0x00007ffb90ff9000 	C:\Users\Camila\.vscode\extensions\redhat.java-1.54.0-win32-x64\jre\21.0.10-win32-x86_64\bin\extnet.dll
0x00007ffb93950000 - 0x00007ffb9395e000 	C:\Users\Camila\.vscode\extensions\redhat.java-1.54.0-win32-x64\jre\21.0.10-win32-x86_64\bin\sunmscapi.dll
0x00007ffbd5430000 - 0x00007ffbd55a8000 	C:\windows\System32\CRYPT32.dll
0x00007ffbd42d0000 - 0x00007ffbd4300000 	C:\windows\SYSTEM32\ncrypt.dll
0x00007ffbd4280000 - 0x00007ffbd42bf000 	C:\windows\SYSTEM32\NTASN1.dll
0x00007ffb94e60000 - 0x00007ffb94e70000 	C:\Users\Camila\.vscode\extensions\redhat.java-1.54.0-win32-x64\jre\21.0.10-win32-x86_64\bin\verify.dll

JVMTI agents:
jdwp path:C:\Users\Camila\.vscode\extensions\redhat.java-1.54.0-win32-x64\jre\21.0.10-win32-x86_64\bin\jdwp.dll, loaded, initialized, options:transport=dt_socket,server=n,suspend=y,address=localhost:61177

dbghelp: loaded successfully - version: 4.0.5 - missing functions: none
symbol engine: initialized successfully - sym options: 0x614 - pdb path: .;C:\Users\Camila\.vscode\extensions\redhat.java-1.54.0-win32-x64\jre\21.0.10-win32-x86_64\bin;C:\windows\SYSTEM32;C:\windows\WinSxS\amd64_microsoft.windows.common-controls_6595b64144ccf1df_6.0.26100.8521_none_3e08b75ce33403b3;C:\Program Files\Windhawk\Engine\1.7.3\64;C:\Users\Camila\.vscode\extensions\redhat.java-1.54.0-win32-x64\jre\21.0.10-win32-x86_64\bin\server

VM Arguments:
jvm_args: -agentlib:jdwp=transport=dt_socket,server=n,suspend=y,address=localhost:61177 -XX:+ShowCodeDetailsInExceptionMessages -Dspring.jmx.enabled=true -Dmanagement.endpoints.jmx.exposure.include=* -Dspring.application.admin.enabled=true -Dspring.boot.project.name=pb -Djava.rmi.server.hostname=localhost -Dcom.sun.management.jmxremote.port=10000 -Dcom.sun.management.jmxremote.authenticate=false -Dcom.sun.management.jmxremote.ssl=false 
java_command: com.puenteblanco.pb.PbApplication
java_class_path (initial): C:\Users\Camila\Desktop\PuenteBlancoDEMO02-2\PuenteBlancoDEMO\pb\target\classes;C:\Users\Camila\.m2\repository\org\springframework\boot\spring-boot-starter-actuator\3.5.1\spring-boot-starter-actuator-3.5.1.jar;C:\Users\Camila\.m2\repository\org\springframework\boot\spring-boot-starter\3.5.1\spring-boot-starter-3.5.1.jar;C:\Users\Camila\.m2\repository\org\springframework\boot\spring-boot-starter-logging\3.5.1\spring-boot-starter-logging-3.5.1.jar;C:\Users\Camila\.m2\repository\ch\qos\logback\logback-classic\1.5.18\logback-classic-1.5.18.jar;C:\Users\Camila\.m2\repository\ch\qos\logback\logback-core\1.5.18\logback-core-1.5.18.jar;C:\Users\Camila\.m2\repository\org\apache\logging\log4j\log4j-to-slf4j\2.24.3\log4j-to-slf4j-2.24.3.jar;C:\Users\Camila\.m2\repository\org\apache\logging\log4j\log4j-api\2.24.3\log4j-api-2.24.3.jar;C:\Users\Camila\.m2\repository\org\slf4j\jul-to-slf4j\2.0.17\jul-to-slf4j-2.0.17.jar;C:\Users\Camila\.m2\repository\jakarta\annotation\jakarta.annotation-api\2.1.1\jakarta.annotation-api-2.1.1.jar;C:\Users\Camila\.m2\repository\org\yaml\snakeyaml\2.4\snakeyaml-2.4.jar;C:\Users\Camila\.m2\repository\org\springframework\boot\spring-boot-actuator-autoconfigure\3.5.1\spring-boot-actuator-autoconfigure-3.5.1.jar;C:\Users\Camila\.m2\repository\org\springframework\boot\spring-boot-actuator\3.5.1\spring-boot-actuator-3.5.1.jar;C:\Users\Camila\.m2\repository\com\fasterxml\jackson\datatype\jackson-datatype-jsr310\2.19.1\jackson-datatype-jsr310-2.19.1.jar;C:\Users\Camila\.m2\repository\io\micrometer\micrometer-observation\1.15.1\micrometer-observation-1.15.1.jar;C:\Users\Camila\.m2\repository\io\micrometer\micrometer-commons\1.15.1\micrometer-commons-1.15.1.jar;C:\Users\Camila\.m2\repository\io\micrometer\micrometer-jakarta9\1.15.1\micrometer-jakarta9-1.15.1.jar;C:\Users\Camila\.m2\repository\io\micrometer\micrometer-core\1.15.1\micrometer-core-1.15.1.jar;C:\Users\Camila\.m2\repository\org\hdrhistogram\HdrHistogram\2.2.2\HdrHistogram-2.2.2.jar;C:\Users\Camila\.m2\repository\org\latencyutils\LatencyUtils\2.0.3\LatencyUtils-2.0.3.jar;C:\Users\Camila\.m2\repository\org\springframework\boot\spring-boot-starter-data-jdbc\3.5.1\spring-boot-starter-data-jdbc-3.5.1.jar;C:\Users\Camila\.m2\repository\org\springframework\boot\spring-boot-starter-jdbc\3.5.1\spring-boot-starter-jdbc-3.5.1.jar;C:\Users\Camila\.m2\repository\com\zaxxer\HikariCP\6.3.0\HikariCP-6.3.0.jar;C:\Users\Camila\.m2\repository\org\springframework\spring-jdbc\6.2.8\spring-jdbc-6.2.8.jar;C:\Users\Camila\.m2\repository\org\springframework\data\spring-data-jdbc\3.5.1\spring-data-jdbc-3.5.1.jar;C:\Users\Camila\.m2\repository\org\springframework\data\spring-data-relational\3.5.1\spring-data-relational-3.5.1.jar;C:\Users\Camila\.m2\repository\org\springframework\data\spring-data-commons\3.5.1\spring-data-commons-3.5.1.jar;C:\Users\Camila\.m2\repository\org\springframework\spring-tx\6.2.8\spring-tx-6.2.8.jar;C:\Users\Camila\.m2\repository\org\springframework\spring-context\6.2.8\spring-context-6.2.8.jar;C:\Users\Camila\.m2\repository\org\springframework\spring-beans\6.2.8\spring-beans-6.2.8.jar;C:\Users\Camila\.m2\repository\org\springframework\boot\spring-boot-starter-data-jpa\3.5.1\spring-boot-starter-data-jpa-3.5.1.jar;C:\Users\Camila\.m2\repository\org\hibernate\orm\hibernate-core\6.6.18.Final\hibernate-core-6.6.18.Final.jar;C:\Users\Camila\.m2\repository\jakarta\persistence\jakarta.persistence-api\3.1.0\jakarta.persistence-api-3.1.0.jar;C:\Users\Camila\.m2\repository\jakarta\transaction\jakarta.transaction-api\2.0.1\jakarta.transaction-api-2.0.1.jar;C:\Users\Camila\.m2\repository\org\jboss\logging\jboss-logging\3.6.1.Final\jboss-logging-3.6.1.Final.jar;C:\Users\Camila\.m2\repository\org\hibernate\common\hibernate-commons-annotations\7.0.3.Final\hibernate-commons-annotations-7.0.3.Final.jar;C:\Users\Camila\.m2\repository\io\smallrye\jandex\3.2.0\jandex-3.2.0.jar;C:\Users\Camila\.m2\repository\com\fasterxml\classmate\1.7.0\classmate-1.7.0.jar;C:\Users\Camila\.m2\repository\net\bytebuddy\byte-buddy\1.17.6\byte-buddy-1.17.6.jar;C:\Users\Camila\.m2\repository\org\glassfish\jaxb\jaxb-runtime\4.0.5\jaxb-runtime-4.0.5.jar;C:\Users\Camila\.m2\repository\org\glassfish\jaxb\jaxb-core\4.0.5\jaxb-core-4.0.5.jar;C:\Users\Camila\.m2\repository\org\glassfish\jaxb\txw2\4.0.5\txw2-4.0.5.jar;C:\Users\Camila\.m2\repository\com\sun\istack\istack-commons-runtime\4.1.2\istack-commons-runtime-4.1.2.jar;C:\Users\Camila\.m2\repository\jakarta\inject\jakarta.inject-api\2.0.1\jakarta.inject-api-2.0.1.jar;C:\Users\Camila\.m2\repository\org\antlr\antlr4-runtime\4.13.0\antlr4-runtime-4.13.0.jar;C:\Users\Camila\.m2\repository\org\springframework\data\spring-data-jpa\3.5.1\spring-data-jpa-3.5.1.jar;C:\Users\Camila\.m2\repository\org\springframework\spring-orm\6.2.8\spring-orm-6.2.8.jar;C:\Users\Camila\.m2\repository\org\springframework\spring-aspects\6.2.8\spring-aspects-6.2.8.jar;C:\Users\Camila\.m2\repository\org\aspectj\aspectjweaver\1.9.24\aspectjweaver-1.9.24.jar;C:\Users\Camila\.m2\repository\org\springframework\boot\spring-boot-starter-security\3.5.1\spring-boot-starter-security-3.5.1.jar;C:\Users\Camila\.m2\repository\org\springframework\spring-aop\6.2.8\spring-aop-6.2.8.jar;C:\Users\Camila\.m2\repository\org\springframework\security\spring-security-config\6.5.1\spring-security-config-6.5.1.jar;C:\Users\Camila\.m2\repository\org\springframework\security\spring-security-web\6.5.1\spring-security-web-6.5.1.jar;C:\Users\Camila\.m2\repository\org\springframework\spring-expression\6.2.8\spring-expression-6.2.8.jar;C:\Users\Camila\.m2\repository\org\springframework\boot\spring-boot-starter-thymeleaf\3.5.1\spring-boot-starter-thymeleaf-3.5.1.jar;C:\Users\Camila\.m2\repository\org\thymeleaf\thymeleaf-spring6\3.1.3.RELEASE\thymeleaf-spring6-3.1.3.RELEASE.jar;C:\Users\Camila\.m2\repository\org\thymeleaf\thymeleaf\3.1.3.RELEASE\thymeleaf-3.1.3.RELEASE.jar;C:\Users\Camila\.m2\repository\org\attoparser\attoparser\2.0.7.RELEASE\attoparser-2.0.7.RELEASE.jar;C:\Users\Camila\.m2\repository\org\unbescape\unbescape\1.1.6.RELEASE\unbescape-1.1.6.RELEASE.jar;C:\Users\Camila\.m2\repository\org\springframework\boot\spring-boot-starter-validation\3.5.1\spring-boot-starter-validation-3.5.1.jar;C:\Users\Camila\.m2\repository\org\apache\tomcat\embed\tomcat-embed-el\10.1.42\tomcat-embed-el-10.1.42.jar;C:\Users\Camila\.m2\repository\org\hibernate\validator\hibernate-validator\8.0.2.Final\hibernate-validator-8.0.2.Final.jar;C:\Users\Camila\.m2\repository\jakarta\validation\jakarta.validation-api\3.0.2\jakarta.validation-api-3.0.2.jar;C:\Users\Camila\.m2\repository\org\springframework\boot\spring-boot-starter-web\3.5.1\spring-boot-starter-web-3.5.1.jar;C:\Users\Camila\.m2\repository\org\springframework\boot\spring-boot-starter-json\3.5.1\spring-boot-starter-json-3.5.1.jar;C:\Users\Camila\.m2\repository\com\fasterxml\jackson\datatype\jackson-datatype-jdk8\2.19.1\jackson-datatype-jdk8-2.19.1.jar;C:\Users\Camila\.m2\repository\com\fasterxml\jackson\module\jackson-module-parameter-names\2.19.1\jackson-module-parameter-names-2.19.1.jar;C:\Users\Camila\.m2\repository\org\springframework\boot\spring-boot-starter-tomcat\3.5.1\spring-boot-starter-tomcat-3.5.1.jar;C:\Users\Camila\.m2\repository\org\apache\tomcat\embed\tomcat-embed-core\10.1.42\tomcat-embed-core-10.1.42.jar;C:\Users\Camila\.m2\repository\org\apache\tomcat\embed\tomcat-embed-websocket\10.1.42\tomcat-embed-websocket-10.1.42.jar;C:\Users\Camila\.m2\repository\org\springframework\spring-web\6.2.8\spring-web-6.2.8.jar;C:\Users\Camila\.m2\repository\org\springframework\spring-webmvc\6.2.8\spring-webmvc-6.2.8.jar;C:\Users\Camila\.m2\repository\org\thymeleaf\extras\thymeleaf-extras-springsecurity6\3.1.3.RELEASE\thymeleaf-extras-springsecurity6-3.1.3.RELEASE.jar;C:\Users\Camila\.m2\repository\org\slf4j\slf4j-api\2.0.17\slf4j-api-2.0.17.jar;C:\Users\Camila\.m2\repository\org\springframework\boot\spring-boot-devtools\3.5.1\spring-boot-devtools-3.5.1.jar;C:\Users\Camila\.m2\repository\org\springframework\boot\spring-boot\3.5.1\spring-boot-3.5.1.jar;C:\Users\Camila\.m2\repository\org\springframework\boot\spring-boot-autoconfigure\3.5.1\spring-boot-autoconfigure-3.5.1.jar;C:\Users\Camila\.m2\repository\com\mysql\mysql-connector-j\9.2.0\mysql-connector-j-9.2.0.jar;C:\Users\Camila\.m2\repository\org\projectlombok\lombok\1.18.38\lombok-1.18.38.jar;C:\Users\Camila\.m2\repository\jakarta\xml\bind\jakarta.xml.bind-api\4.0.2\jakarta.xml.bind-api-4.0.2.jar;C:\Users\Camila\.m2\repository\jakarta\activation\jakarta.activation-api\2.1.3\jakarta.activation-api-2.1.3.jar;C:\Users\Camila\.m2\repository\org\springframework\spring-core\6.2.8\spring-core-6.2.8.jar;C:\Users\Camila\.m2\repository\org\springframework\spring-jcl\6.2.8\spring-jcl-6.2.8.jar;C:\Users\Camila\.m2\repository\org\springframework\security\spring-security-core\6.5.1\spring-security-core-6.5.1.jar;C:\Users\Camila\.m2\repository\org\springframework\security\spring-security-crypto\6.5.1\spring-security-crypto-6.5.1.jar;C:\Users\Camila\.m2\repository\com\stripe\stripe-java\24.9.0\stripe-java-24.9.0.jar;C:\Users\Camila\.m2\repository\com\google\code\gson\gson\2.13.1\gson-2.13.1.jar;C:\Users\Camila\.m2\repository\com\google\errorprone\error_prone_annotations\2.38.0\error_prone_annotations-2.38.0.jar;C:\Users\Camila\.m2\repository\io\jsonwebtoken\jjwt-api\0.11.5\jjwt-api-0.11.5.jar;C:\Users\Camila\.m2\repository\io\jsonwebtoken\jjwt-impl\0.11.5\jjwt-impl-0.11.5.jar;C:\Users\Camila\.m2\repository\io\jsonwebtoken\jjwt-jackson\0.11.5\jjwt-jackson-0.11.5.jar;C:\Users\Camila\.m2\repository\com\fasterxml\jackson\core\jackson-databind\2.19.1\jackson-databind-2.19.1.jar;C:\Users\Camila\.m2\repository\com\fasterxml\jackson\core\jackson-annotations\2.19.1\jackson-annotations-2.19.1.jar;C:\Users\Camila\.m2\repository\com\fasterxml\jackson\core\jackson-core\2.19.1\jackson-core-2.19.1.jar;C:\Users\Camila\.m2\repository\com\itextpdf\itextpdf\5.5.13.4\itextpdf-5.5.13.4.jar;C:\Users\Camila\.m2\repository\org\jfree\jfreechart\1.5.5\jfreechart-1.5.5.jar;C:\Users\Camila\.m2\repository\org\springframework\boot\spring-boot-starter-mail\3.5.1\spring-boot-starter-mail-3.5.1.jar;C:\Users\Camila\.m2\repository\org\springframework\spring-context-support\6.2.8\spring-context-support-6.2.8.jar;C:\Users\Camila\.m2\repository\org\eclipse\angus\jakarta.mail\2.0.3\jakarta.mail-2.0.3.jar;C:\Users\Camila\.m2\repository\org\eclipse\angus\angus-activation\2.0.2\angus-activation-2.0.2.jar
Launcher Type: SUN_STANDARD

[Global flags]
     intx CICompilerCount                          = 4                                         {product} {ergonomic}
     uint ConcGCThreads                            = 3                                         {product} {ergonomic}
     uint G1ConcRefinementThreads                  = 10                                        {product} {ergonomic}
   size_t G1HeapRegionSize                         = 1048576                                   {product} {ergonomic}
    uintx GCDrainStackTargetSize                   = 64                                        {product} {ergonomic}
   size_t InitialHeapSize                          = 123731968                                 {product} {ergonomic}
     bool ManagementServer                         = true                                      {product} {command line}
   size_t MarkStackSize                            = 4194304                                   {product} {ergonomic}
   size_t MaxHeapSize                              = 1950351360                                {product} {ergonomic}
   size_t MaxNewSize                               = 1170210816                                {product} {ergonomic}
   size_t MinHeapDeltaBytes                        = 1048576                                   {product} {ergonomic}
   size_t MinHeapSize                              = 8388608                                   {product} {ergonomic}
    uintx NonNMethodCodeHeapSize                   = 5839372                                {pd product} {ergonomic}
    uintx NonProfiledCodeHeapSize                  = 122909434                              {pd product} {ergonomic}
    uintx ProfiledCodeHeapSize                     = 122909434                              {pd product} {ergonomic}
    uintx ReservedCodeCacheSize                    = 251658240                              {pd product} {ergonomic}
     bool SegmentedCodeCache                       = true                                      {product} {ergonomic}
     bool ShowCodeDetailsInExceptionMessages       = true                                   {manageable} {command line}
   size_t SoftMaxHeapSize                          = 1950351360                             {manageable} {ergonomic}
     bool UseCompressedOops                        = true                           {product lp64_product} {ergonomic}
     bool UseG1GC                                  = true                                      {product} {ergonomic}
     bool UseLargePagesIndividualAllocation        = false                                  {pd product} {ergonomic}

Logging:
Log output configuration:
 #0: stdout all=warning uptime,level,tags foldmultilines=false
 #1: stderr all=off uptime,level,tags foldmultilines=false

Release file:
JAVA_VERSION="21.0.10" 
MODULES="java.base java.compiler java.datatransfer java.xml java.prefs java.desktop java.instrument java.logging java.management java.security.sasl java.naming java.rmi java.management.rmi java.net.http java.scripting java.security.jgss java.transaction.xa java.sql java.sql.rowset java.xml.crypto java.se java.smartcardio jdk.accessibility jdk.internal.jvmstat jdk.attach jdk.charsets jdk.internal.opt jdk.zipfs jdk.compiler jdk.crypto.ec jdk.crypto.cryptoki jdk.crypto.mscapi jdk.dynalink jdk.internal.ed jdk.editpad jdk.hotspot.agent jdk.httpserver jdk.internal.le jdk.internal.vm.ci jdk.internal.vm.compiler jdk.internal.vm.compiler.management jdk.jartool jdk.javadoc jdk.jcmd jdk.management jdk.management.agent jdk.jconsole jdk.jdeps jdk.jdwp.agent jdk.jdi jdk.jfr jdk.jshell jdk.jsobject jdk.jstatd jdk.localedata jdk.management.jfr jdk.naming.dns jdk.naming.rmi jdk.net jdk.nio.mapmode jdk.random jdk.sctp jdk.security.auth jdk.security.jgss jdk.unsupported jdk.unsupported.desktop jdk.xml.dom" 

Environment Variables:
PATH=C:\Python313\Scripts\;C:\Python313\;C:\windows\system32;C:\windows;C:\windows\System32\Wbem;C:\windows\System32\WindowsPowerShell\v1.0\;C:\windows\System32\OpenSSH\;C:\Program Files (x86)\NVIDIA Corporation\PhysX\Common;C:\Program Files\NVIDIA Corporation\NVIDIA NvDLISR;C:\Users\Administrator\AppData\Local\Microsoft\WindowsApps;C:\Program Files\HP\OMEN-Broadcast\Common;C:\ProgramData\chocolatey\bin;C:\Program Files\Git\cmd;C:\Program Files (x86)\Windows Kits\10\Windows Performance Toolkit\;C:\Program Files\dotnet\;C:\Program Files (x86)\Microsoft SQL Server\160\Tools\Binn\;C:\Program Files\Microsoft SQL Server\160\Tools\Binn\;C:\Program Files\Microsoft SQL Server\Client SDK\ODBC\170\Tools\Binn\;C:\Program Files\Microsoft SQL Server\160\DTS\Binn\;C:\xampp\php;C:\composer;C:\Program Files\nodejs\;C:\Users\Camila\AppData\Local\Microsoft\WindowsApps;C:\Users\Camila\AppData\Local\Programs\Microsoft VS Code\bin;C:\Users\Camila\Desktop\flutter_windows_3.32.5-stable\flutter\bin;C:\Users\Camila\AppData\Local\Android\Sdk\platform-tools;C:\Program Files\Android\Android Studio\jbr\bin;C:\Program Files\nodejs;C:\Users\Camila\AppData\Local\Pub\Cache\bin;C:\Users\Camila\AppData\Roaming\Composer\vendor\bin;C:\Users\Camila\AppData\Local\Muse Hub\lib;C:\Users\Camila\AppData\Roaming\npm;c:\Users\Camila\.vscode\extensions\vscjava.vscode-java-debug-0.59.0\bundled\scripts\noConfigScripts
USERNAME=Camila
LANG=en_US.UTF-8
OS=Windows_NT
PROCESSOR_IDENTIFIER=AMD64 Family 25 Model 117 Stepping 2, AuthenticAMD
TMP=C:\Users\Camila\AppData\Local\Temp
TEMP=C:\Users\Camila\AppData\Local\Temp




Periodic native trim disabled

---------------  S Y S T E M  ---------------

OS:
 Windows 11 , 64 bit Build 26100 (10.0.26100.8521)
OS uptime: 0 days 7:03 hours
Hyper-V role detected

CPU: total 12 (initial active 12) (12 cores per cpu, 2 threads per core) family 25 model 117 stepping 2 microcode 0xa70520a, cx8, cmov, fxsr, ht, mmx, 3dnowpref, sse, sse2, sse3, ssse3, sse4a, sse4.1, sse4.2, popcnt, lzcnt, tsc, tscinvbit, avx, avx2, aes, erms, clmul, bmi1, bmi2, adx, avx512f, avx512dq, avx512cd, avx512bw, avx512vl, sha, fma, vzeroupper, avx512_vpopcntdq, avx512_vpclmulqdq, avx512_vaes, avx512_vnni, clflush, clflushopt, avx512_vbmi2, avx512_vbmi, hv, rdtscp, rdpid, fsrm, gfni, avx512_bitalg, f16c, cet_ss, avx512_ifma
Processor Information for processor 0
  Max Mhz: 4301, Current Mhz: 2483, Mhz Limit: 4301
Processor Information for processor 1
  Max Mhz: 4301, Current Mhz: 2483, Mhz Limit: 4301
Processor Information for processor 2
  Max Mhz: 4301, Current Mhz: 2483, Mhz Limit: 4301
Processor Information for processor 3
  Max Mhz: 4301, Current Mhz: 2483, Mhz Limit: 4301
Processor Information for processor 4
  Max Mhz: 4301, Current Mhz: 2483, Mhz Limit: 4301
Processor Information for processor 5
  Max Mhz: 4301, Current Mhz: 2483, Mhz Limit: 4301
Processor Information for processor 6
  Max Mhz: 4301, Current Mhz: 2483, Mhz Limit: 4301
Processor Information for processor 7
  Max Mhz: 4301, Current Mhz: 2483, Mhz Limit: 4301
Processor Information for processor 8
  Max Mhz: 4301, Current Mhz: 3481, Mhz Limit: 4301
Processor Information for processor 9
  Max Mhz: 4301, Current Mhz: 2483, Mhz Limit: 4301
Processor Information for processor 10
  Max Mhz: 4301, Current Mhz: 2483, Mhz Limit: 4301
Processor Information for processor 11
  Max Mhz: 4301, Current Mhz: 2483, Mhz Limit: 4301

Memory: 4k page, system-wide physical 7439M (933M free)
TotalPageFile size 29967M (AvailPageFile size 5M)
current process WorkingSet (physical memory assigned to process): 387M, peak: 421M
current process commit charge ("private bytes"): 532M, peak: 848M

vm_info: OpenJDK 64-Bit Server VM (21.0.10+7-LTS) for windows-amd64 JRE (21.0.10+7-LTS), built on 2026-01-20T00:00:00Z by "admin" with MS VC++ 17.12 (VS2022)

END.
